<?xml version="1.0" encoding="ISO-8859-1" ?>
<link_info>
   <banner>MSP430 Linker PC v18.1.2.LTS</banner>
   <copyright>Copyright (c) 2003-2017 Texas Instruments Incorporated</copyright>
   <link_time>0x5b557349</link_time>
   <link_errors>0x0</link_errors>
   <output_file>2214HISF.out</output_file>
   <entry_point>
      <name>_c_int00_noargs</name>
      <address>0x446c</address>
   </entry_point>
   <input_file_list>
      <input_file id="fl-2">
         <path>.\</path>
         <kind>object</kind>
         <file>control.obj</file>
         <name>control.obj</name>
      </input_file>
      <input_file id="fl-3">
         <path>.\</path>
         <kind>object</kind>
         <file>fdc2214.obj</file>
         <name>fdc2214.obj</name>
      </input_file>
      <input_file id="fl-4">
         <path>.\</path>
         <kind>object</kind>
         <file>iic.obj</file>
         <name>iic.obj</name>
      </input_file>
      <input_file id="fl-5">
         <path>.\</path>
         <kind>object</kind>
         <file>main.obj</file>
         <name>main.obj</name>
      </input_file>
      <input_file id="fl-6">
         <path>.\</path>
         <kind>object</kind>
         <file>oled.obj</file>
         <name>oled.obj</name>
      </input_file>
      <input_file id="fl-7">
         <path>.\</path>
         <kind>object</kind>
         <file>uart.obj</file>
         <name>uart.obj</name>
      </input_file>
      <input_file id="fl-8">
         <path>.\</path>
         <kind>object</kind>
         <file>xiaoche.obj</file>
         <name>xiaoche.obj</name>
      </input_file>
      <input_file id="fl-e">
         <kind>object</kind>
         <file>&lt;internal&gt;</file>
         <name>&lt;internal&gt;</name>
      </input_file>
      <input_file id="fl-29">
         <path>D:\Tools\ti\ccsv8\tools\compiler\ti-cgt-msp430_18.1.2.LTS\lib\</path>
         <kind>archive</kind>
         <file>rts430x_lc_rd_eabi.lib</file>
         <name>e_pow.c.obj</name>
      </input_file>
      <input_file id="fl-2a">
         <path>D:\Tools\ti\ccsv8\tools\compiler\ti-cgt-msp430_18.1.2.LTS\lib\</path>
         <kind>archive</kind>
         <file>rts430x_lc_rd_eabi.lib</file>
         <name>e_sqrt.c.obj</name>
      </input_file>
      <input_file id="fl-2b">
         <path>D:\Tools\ti\ccsv8\tools\compiler\ti-cgt-msp430_18.1.2.LTS\lib\</path>
         <kind>archive</kind>
         <file>rts430x_lc_rd_eabi.lib</file>
         <name>s_scalbn.c.obj</name>
      </input_file>
      <input_file id="fl-2c">
         <path>D:\Tools\ti\ccsv8\tools\compiler\ti-cgt-msp430_18.1.2.LTS\lib\</path>
         <kind>archive</kind>
         <file>rts430x_lc_rd_eabi.lib</file>
         <name>asr32.asm.obj</name>
      </input_file>
      <input_file id="fl-2d">
         <path>D:\Tools\ti\ccsv8\tools\compiler\ti-cgt-msp430_18.1.2.LTS\lib\</path>
         <kind>archive</kind>
         <file>rts430x_lc_rd_eabi.lib</file>
         <name>div32u.asm.obj</name>
      </input_file>
      <input_file id="fl-2e">
         <path>D:\Tools\ti\ccsv8\tools\compiler\ti-cgt-msp430_18.1.2.LTS\lib\</path>
         <kind>archive</kind>
         <file>rts430x_lc_rd_eabi.lib</file>
         <name>fs_add.asm.obj</name>
      </input_file>
      <input_file id="fl-2f">
         <path>D:\Tools\ti\ccsv8\tools\compiler\ti-cgt-msp430_18.1.2.LTS\lib\</path>
         <kind>archive</kind>
         <file>rts430x_lc_rd_eabi.lib</file>
         <name>fs_div.asm.obj</name>
      </input_file>
      <input_file id="fl-30">
         <path>D:\Tools\ti\ccsv8\tools\compiler\ti-cgt-msp430_18.1.2.LTS\lib\</path>
         <kind>archive</kind>
         <file>rts430x_lc_rd_eabi.lib</file>
         <name>fs_mpy.asm.obj</name>
      </input_file>
      <input_file id="fl-31">
         <path>D:\Tools\ti\ccsv8\tools\compiler\ti-cgt-msp430_18.1.2.LTS\lib\</path>
         <kind>archive</kind>
         <file>rts430x_lc_rd_eabi.lib</file>
         <name>fs_toul.asm.obj</name>
      </input_file>
      <input_file id="fl-32">
         <path>D:\Tools\ti\ccsv8\tools\compiler\ti-cgt-msp430_18.1.2.LTS\lib\</path>
         <kind>archive</kind>
         <file>rts430x_lc_rd_eabi.lib</file>
         <name>fs_ultof.asm.obj</name>
      </input_file>
      <input_file id="fl-33">
         <path>D:\Tools\ti\ccsv8\tools\compiler\ti-cgt-msp430_18.1.2.LTS\lib\</path>
         <kind>archive</kind>
         <file>rts430x_lc_rd_eabi.lib</file>
         <name>int41.asm.obj</name>
      </input_file>
      <input_file id="fl-34">
         <path>D:\Tools\ti\ccsv8\tools\compiler\ti-cgt-msp430_18.1.2.LTS\lib\</path>
         <kind>archive</kind>
         <file>rts430x_lc_rd_eabi.lib</file>
         <name>int42.asm.obj</name>
      </input_file>
      <input_file id="fl-35">
         <path>D:\Tools\ti\ccsv8\tools\compiler\ti-cgt-msp430_18.1.2.LTS\lib\</path>
         <kind>archive</kind>
         <file>rts430x_lc_rd_eabi.lib</file>
         <name>int43.asm.obj</name>
      </input_file>
      <input_file id="fl-36">
         <path>D:\Tools\ti\ccsv8\tools\compiler\ti-cgt-msp430_18.1.2.LTS\lib\</path>
         <kind>archive</kind>
         <file>rts430x_lc_rd_eabi.lib</file>
         <name>int44.asm.obj</name>
      </input_file>
      <input_file id="fl-37">
         <path>D:\Tools\ti\ccsv8\tools\compiler\ti-cgt-msp430_18.1.2.LTS\lib\</path>
         <kind>archive</kind>
         <file>rts430x_lc_rd_eabi.lib</file>
         <name>int45.asm.obj</name>
      </input_file>
      <input_file id="fl-38">
         <path>D:\Tools\ti\ccsv8\tools\compiler\ti-cgt-msp430_18.1.2.LTS\lib\</path>
         <kind>archive</kind>
         <file>rts430x_lc_rd_eabi.lib</file>
         <name>int47.asm.obj</name>
      </input_file>
      <input_file id="fl-39">
         <path>D:\Tools\ti\ccsv8\tools\compiler\ti-cgt-msp430_18.1.2.LTS\lib\</path>
         <kind>archive</kind>
         <file>rts430x_lc_rd_eabi.lib</file>
         <name>int48.asm.obj</name>
      </input_file>
      <input_file id="fl-3a">
         <path>D:\Tools\ti\ccsv8\tools\compiler\ti-cgt-msp430_18.1.2.LTS\lib\</path>
         <kind>archive</kind>
         <file>rts430x_lc_rd_eabi.lib</file>
         <name>int49.asm.obj</name>
      </input_file>
      <input_file id="fl-3b">
         <path>D:\Tools\ti\ccsv8\tools\compiler\ti-cgt-msp430_18.1.2.LTS\lib\</path>
         <kind>archive</kind>
         <file>rts430x_lc_rd_eabi.lib</file>
         <name>int50.asm.obj</name>
      </input_file>
      <input_file id="fl-3c">
         <path>D:\Tools\ti\ccsv8\tools\compiler\ti-cgt-msp430_18.1.2.LTS\lib\</path>
         <kind>archive</kind>
         <file>rts430x_lc_rd_eabi.lib</file>
         <name>int51.asm.obj</name>
      </input_file>
      <input_file id="fl-3d">
         <path>D:\Tools\ti\ccsv8\tools\compiler\ti-cgt-msp430_18.1.2.LTS\lib\</path>
         <kind>archive</kind>
         <file>rts430x_lc_rd_eabi.lib</file>
         <name>int52.asm.obj</name>
      </input_file>
      <input_file id="fl-3e">
         <path>D:\Tools\ti\ccsv8\tools\compiler\ti-cgt-msp430_18.1.2.LTS\lib\</path>
         <kind>archive</kind>
         <file>rts430x_lc_rd_eabi.lib</file>
         <name>int53.asm.obj</name>
      </input_file>
      <input_file id="fl-3f">
         <path>D:\Tools\ti\ccsv8\tools\compiler\ti-cgt-msp430_18.1.2.LTS\lib\</path>
         <kind>archive</kind>
         <file>rts430x_lc_rd_eabi.lib</file>
         <name>int54.asm.obj</name>
      </input_file>
      <input_file id="fl-40">
         <path>D:\Tools\ti\ccsv8\tools\compiler\ti-cgt-msp430_18.1.2.LTS\lib\</path>
         <kind>archive</kind>
         <file>rts430x_lc_rd_eabi.lib</file>
         <name>int55.asm.obj</name>
      </input_file>
      <input_file id="fl-41">
         <path>D:\Tools\ti\ccsv8\tools\compiler\ti-cgt-msp430_18.1.2.LTS\lib\</path>
         <kind>archive</kind>
         <file>rts430x_lc_rd_eabi.lib</file>
         <name>int56.asm.obj</name>
      </input_file>
      <input_file id="fl-42">
         <path>D:\Tools\ti\ccsv8\tools\compiler\ti-cgt-msp430_18.1.2.LTS\lib\</path>
         <kind>archive</kind>
         <file>rts430x_lc_rd_eabi.lib</file>
         <name>int57.asm.obj</name>
      </input_file>
      <input_file id="fl-43">
         <path>D:\Tools\ti\ccsv8\tools\compiler\ti-cgt-msp430_18.1.2.LTS\lib\</path>
         <kind>archive</kind>
         <file>rts430x_lc_rd_eabi.lib</file>
         <name>int58.asm.obj</name>
      </input_file>
      <input_file id="fl-44">
         <path>D:\Tools\ti\ccsv8\tools\compiler\ti-cgt-msp430_18.1.2.LTS\lib\</path>
         <kind>archive</kind>
         <file>rts430x_lc_rd_eabi.lib</file>
         <name>int59.asm.obj</name>
      </input_file>
      <input_file id="fl-45">
         <path>D:\Tools\ti\ccsv8\tools\compiler\ti-cgt-msp430_18.1.2.LTS\lib\</path>
         <kind>archive</kind>
         <file>rts430x_lc_rd_eabi.lib</file>
         <name>int60.asm.obj</name>
      </input_file>
      <input_file id="fl-46">
         <path>D:\Tools\ti\ccsv8\tools\compiler\ti-cgt-msp430_18.1.2.LTS\lib\</path>
         <kind>archive</kind>
         <file>rts430x_lc_rd_eabi.lib</file>
         <name>int61.asm.obj</name>
      </input_file>
      <input_file id="fl-47">
         <path>D:\Tools\ti\ccsv8\tools\compiler\ti-cgt-msp430_18.1.2.LTS\lib\</path>
         <kind>archive</kind>
         <file>rts430x_lc_rd_eabi.lib</file>
         <name>int62.asm.obj</name>
      </input_file>
      <input_file id="fl-48">
         <path>D:\Tools\ti\ccsv8\tools\compiler\ti-cgt-msp430_18.1.2.LTS\lib\</path>
         <kind>archive</kind>
         <file>rts430x_lc_rd_eabi.lib</file>
         <name>isr_trap.asm.obj</name>
      </input_file>
      <input_file id="fl-49">
         <path>D:\Tools\ti\ccsv8\tools\compiler\ti-cgt-msp430_18.1.2.LTS\lib\</path>
         <kind>archive</kind>
         <file>rts430x_lc_rd_eabi.lib</file>
         <name>lsl16.asm.obj</name>
      </input_file>
      <input_file id="fl-4a">
         <path>D:\Tools\ti\ccsv8\tools\compiler\ti-cgt-msp430_18.1.2.LTS\lib\</path>
         <kind>archive</kind>
         <file>rts430x_lc_rd_eabi.lib</file>
         <name>lsl32.asm.obj</name>
      </input_file>
      <input_file id="fl-4b">
         <path>D:\Tools\ti\ccsv8\tools\compiler\ti-cgt-msp430_18.1.2.LTS\lib\</path>
         <kind>archive</kind>
         <file>rts430x_lc_rd_eabi.lib</file>
         <name>lsr32.asm.obj</name>
      </input_file>
      <input_file id="fl-4c">
         <path>D:\Tools\ti\ccsv8\tools\compiler\ti-cgt-msp430_18.1.2.LTS\lib\</path>
         <kind>archive</kind>
         <file>rts430x_lc_rd_eabi.lib</file>
         <name>mult16.asm.obj</name>
      </input_file>
      <input_file id="fl-4d">
         <path>D:\Tools\ti\ccsv8\tools\compiler\ti-cgt-msp430_18.1.2.LTS\lib\</path>
         <kind>archive</kind>
         <file>rts430x_lc_rd_eabi.lib</file>
         <name>mult16_f5hw.asm.obj</name>
      </input_file>
      <input_file id="fl-4e">
         <path>D:\Tools\ti\ccsv8\tools\compiler\ti-cgt-msp430_18.1.2.LTS\lib\</path>
         <kind>archive</kind>
         <file>rts430x_lc_rd_eabi.lib</file>
         <name>mult1632_f5hw.asm.obj</name>
      </input_file>
      <input_file id="fl-4f">
         <path>D:\Tools\ti\ccsv8\tools\compiler\ti-cgt-msp430_18.1.2.LTS\lib\</path>
         <kind>archive</kind>
         <file>rts430x_lc_rd_eabi.lib</file>
         <name>mult32.asm.obj</name>
      </input_file>
      <input_file id="fl-50">
         <path>D:\Tools\ti\ccsv8\tools\compiler\ti-cgt-msp430_18.1.2.LTS\lib\</path>
         <kind>archive</kind>
         <file>rts430x_lc_rd_eabi.lib</file>
         <name>mult32_f5hw.asm.obj</name>
      </input_file>
      <input_file id="fl-51">
         <path>D:\Tools\ti\ccsv8\tools\compiler\ti-cgt-msp430_18.1.2.LTS\lib\</path>
         <kind>archive</kind>
         <file>rts430x_lc_rd_eabi.lib</file>
         <name>mult3264_f5hw.asm.obj</name>
      </input_file>
      <input_file id="fl-52">
         <path>D:\Tools\ti\ccsv8\tools\compiler\ti-cgt-msp430_18.1.2.LTS\lib\</path>
         <kind>archive</kind>
         <file>rts430x_lc_rd_eabi.lib</file>
         <name>mult64_f5hw.asm.obj</name>
      </input_file>
      <input_file id="fl-53">
         <path>D:\Tools\ti\ccsv8\tools\compiler\ti-cgt-msp430_18.1.2.LTS\lib\</path>
         <kind>archive</kind>
         <file>rts430x_lc_rd_eabi.lib</file>
         <name>boot.c.obj</name>
      </input_file>
      <input_file id="fl-54">
         <path>D:\Tools\ti\ccsv8\tools\compiler\ti-cgt-msp430_18.1.2.LTS\lib\</path>
         <kind>archive</kind>
         <file>rts430x_lc_rd_eabi.lib</file>
         <name>autoinit.c.obj</name>
      </input_file>
      <input_file id="fl-55">
         <path>D:\Tools\ti\ccsv8\tools\compiler\ti-cgt-msp430_18.1.2.LTS\lib\</path>
         <kind>archive</kind>
         <file>rts430x_lc_rd_eabi.lib</file>
         <name>copy_zero_init.c.obj</name>
      </input_file>
      <input_file id="fl-56">
         <path>D:\Tools\ti\ccsv8\tools\compiler\ti-cgt-msp430_18.1.2.LTS\lib\</path>
         <kind>archive</kind>
         <file>rts430x_lc_rd_eabi.lib</file>
         <name>cpy_tbl.c.obj</name>
      </input_file>
      <input_file id="fl-57">
         <path>D:\Tools\ti\ccsv8\tools\compiler\ti-cgt-msp430_18.1.2.LTS\lib\</path>
         <kind>archive</kind>
         <file>rts430x_lc_rd_eabi.lib</file>
         <name>mpu_init.c.obj</name>
      </input_file>
      <input_file id="fl-58">
         <path>D:\Tools\ti\ccsv8\tools\compiler\ti-cgt-msp430_18.1.2.LTS\lib\</path>
         <kind>archive</kind>
         <file>rts430x_lc_rd_eabi.lib</file>
         <name>lsr64.c.obj</name>
      </input_file>
      <input_file id="fl-59">
         <path>D:\Tools\ti\ccsv8\tools\compiler\ti-cgt-msp430_18.1.2.LTS\lib\</path>
         <kind>archive</kind>
         <file>rts430x_lc_rd_eabi.lib</file>
         <name>pre_init.c.obj</name>
      </input_file>
      <input_file id="fl-5a">
         <path>D:\Tools\ti\ccsv8\tools\compiler\ti-cgt-msp430_18.1.2.LTS\lib\</path>
         <kind>archive</kind>
         <file>rts430x_lc_rd_eabi.lib</file>
         <name>startup.c.obj</name>
      </input_file>
      <input_file id="fl-5b">
         <path>D:\Tools\ti\ccsv8\tools\compiler\ti-cgt-msp430_18.1.2.LTS\lib\</path>
         <kind>archive</kind>
         <file>rts430x_lc_rd_eabi.lib</file>
         <name>copy_decompress_none.c.obj</name>
      </input_file>
      <input_file id="fl-5c">
         <path>D:\Tools\ti\ccsv8\tools\compiler\ti-cgt-msp430_18.1.2.LTS\lib\</path>
         <kind>archive</kind>
         <file>rts430x_lc_rd_eabi.lib</file>
         <name>copy_decompress_lzss.c.obj</name>
      </input_file>
      <input_file id="fl-5d">
         <path>D:\Tools\ti\ccsv8\tools\compiler\ti-cgt-msp430_18.1.2.LTS\lib\</path>
         <kind>archive</kind>
         <file>rts430x_lc_rd_eabi.lib</file>
         <name>addd.c.obj</name>
      </input_file>
      <input_file id="fl-5e">
         <path>D:\Tools\ti\ccsv8\tools\compiler\ti-cgt-msp430_18.1.2.LTS\lib\</path>
         <kind>archive</kind>
         <file>rts430x_lc_rd_eabi.lib</file>
         <name>cmpd.c.obj</name>
      </input_file>
      <input_file id="fl-5f">
         <path>D:\Tools\ti\ccsv8\tools\compiler\ti-cgt-msp430_18.1.2.LTS\lib\</path>
         <kind>archive</kind>
         <file>rts430x_lc_rd_eabi.lib</file>
         <name>divd.c.obj</name>
      </input_file>
      <input_file id="fl-60">
         <path>D:\Tools\ti\ccsv8\tools\compiler\ti-cgt-msp430_18.1.2.LTS\lib\</path>
         <kind>archive</kind>
         <file>rts430x_lc_rd_eabi.lib</file>
         <name>fixdull.c.obj</name>
      </input_file>
      <input_file id="fl-61">
         <path>D:\Tools\ti\ccsv8\tools\compiler\ti-cgt-msp430_18.1.2.LTS\lib\</path>
         <kind>archive</kind>
         <file>rts430x_lc_rd_eabi.lib</file>
         <name>fltlid.c.obj</name>
      </input_file>
      <input_file id="fl-62">
         <path>D:\Tools\ti\ccsv8\tools\compiler\ti-cgt-msp430_18.1.2.LTS\lib\</path>
         <kind>archive</kind>
         <file>rts430x_lc_rd_eabi.lib</file>
         <name>fltulld.c.obj</name>
      </input_file>
      <input_file id="fl-63">
         <path>D:\Tools\ti\ccsv8\tools\compiler\ti-cgt-msp430_18.1.2.LTS\lib\</path>
         <kind>archive</kind>
         <file>rts430x_lc_rd_eabi.lib</file>
         <name>frcaddd.c.obj</name>
      </input_file>
      <input_file id="fl-64">
         <path>D:\Tools\ti\ccsv8\tools\compiler\ti-cgt-msp430_18.1.2.LTS\lib\</path>
         <kind>archive</kind>
         <file>rts430x_lc_rd_eabi.lib</file>
         <name>frcdivd.c.obj</name>
      </input_file>
      <input_file id="fl-65">
         <path>D:\Tools\ti\ccsv8\tools\compiler\ti-cgt-msp430_18.1.2.LTS\lib\</path>
         <kind>archive</kind>
         <file>rts430x_lc_rd_eabi.lib</file>
         <name>mpyd.c.obj</name>
      </input_file>
      <input_file id="fl-66">
         <path>D:\Tools\ti\ccsv8\tools\compiler\ti-cgt-msp430_18.1.2.LTS\lib\</path>
         <kind>archive</kind>
         <file>rts430x_lc_rd_eabi.lib</file>
         <name>negd.c.obj</name>
      </input_file>
      <input_file id="fl-67">
         <path>D:\Tools\ti\ccsv8\tools\compiler\ti-cgt-msp430_18.1.2.LTS\lib\</path>
         <kind>archive</kind>
         <file>rts430x_lc_rd_eabi.lib</file>
         <name>renormd.c.obj</name>
      </input_file>
      <input_file id="fl-68">
         <path>D:\Tools\ti\ccsv8\tools\compiler\ti-cgt-msp430_18.1.2.LTS\lib\</path>
         <kind>archive</kind>
         <file>rts430x_lc_rd_eabi.lib</file>
         <name>subd.c.obj</name>
      </input_file>
      <input_file id="fl-69">
         <path>D:\Tools\ti\ccsv8\tools\compiler\ti-cgt-msp430_18.1.2.LTS\lib\</path>
         <kind>archive</kind>
         <file>rts430x_lc_rd_eabi.lib</file>
         <name>exit.c.obj</name>
      </input_file>
      <input_file id="fl-6a">
         <path>D:\Tools\ti\ccsv8\tools\compiler\ti-cgt-msp430_18.1.2.LTS\lib\</path>
         <kind>archive</kind>
         <file>rts430x_lc_rd_eabi.lib</file>
         <name>_lock.c.obj</name>
      </input_file>
      <input_file id="fl-6b">
         <path>D:\Tools\ti\ccsv8\tools\compiler\ti-cgt-msp430_18.1.2.LTS\lib\</path>
         <kind>archive</kind>
         <file>rts430x_lc_rd_eabi.lib</file>
         <name>args_main.c.obj</name>
      </input_file>
      <input_file id="fl-6c">
         <path>D:\Tools\ti\ccsv8\tools\compiler\ti-cgt-msp430_18.1.2.LTS\lib\</path>
         <kind>archive</kind>
         <file>rts430x_lc_rd_eabi.lib</file>
         <name>memcpy.c.obj</name>
      </input_file>
      <input_file id="fl-6d">
         <path>D:\Tools\ti\ccsv8\tools\compiler\ti-cgt-msp430_18.1.2.LTS\lib\</path>
         <kind>archive</kind>
         <file>rts430x_lc_rd_eabi.lib</file>
         <name>memset.c.obj</name>
      </input_file>
      <input_file id="fl-6e">
         <path>D:\Tools\ti\ccsv8\tools\compiler\ti-cgt-msp430_18.1.2.LTS\lib\</path>
         <kind>archive</kind>
         <file>rts430x_lc_rd_eabi.lib</file>
         <name>errno.c.obj</name>
      </input_file>
      <input_file id="fl-6f">
         <path>D:\Tools\ti\ccsv8\tools\compiler\ti-cgt-msp430_18.1.2.LTS\lib\</path>
         <kind>archive</kind>
         <file>rts430x_lc_rd_eabi.lib</file>
         <name>abs.c.obj</name>
      </input_file>
      <input_file id="fl-70">
         <path>D:\Tools\ti\ccsv8\tools\compiler\ti-cgt-msp430_18.1.2.LTS\lib\</path>
         <kind>archive</kind>
         <file>rts430x_lc_rd_eabi.lib</file>
         <name>s_copysign.c.obj</name>
      </input_file>
      <input_file id="fl-71">
         <path>D:\Tools\ti\ccsv8\tools\compiler\ti-cgt-msp430_18.1.2.LTS\lib\</path>
         <kind>archive</kind>
         <file>rts430x_lc_rd_eabi.lib</file>
         <name>exit_gvars.c.obj</name>
      </input_file>
      <input_file id="fl-72">
         <path>D:\Tools\ti\ccsv8\tools\compiler\ti-cgt-msp430_18.1.2.LTS\lib\</path>
         <kind>archive</kind>
         <file>rts430x_lc_rd_eabi.lib</file>
         <name>lsl64.c.obj</name>
      </input_file>
      <input_file id="fl-73">
         <path>D:\Tools\ti\ccsv8\tools\compiler\ti-cgt-msp430_18.1.2.LTS\lib\</path>
         <kind>archive</kind>
         <file>rts430x_lc_rd_eabi.lib</file>
         <name>frcmpyd.c.obj</name>
      </input_file>
   </input_file_list>
   <object_component_list>
      <object_component id="oc-4f8">
         <name>.bss</name>
         <uninitialized>true</uninitialized>
         <run_address>0x25c6</run_address>
         <size>0x1</size>
         <input_file_ref idref="fl-3"/>
      </object_component>
      <object_component id="oc-64f">
         <name>.bss:buffer$1</name>
         <uninitialized>true</uninitialized>
         <run_address>0x25c0</run_address>
         <size>0x2</size>
         <input_file_ref idref="fl-4"/>
      </object_component>
      <object_component id="oc-486">
         <name>.common:d</name>
         <uninitialized>true</uninitialized>
         <run_address>0x25c2</run_address>
         <size>0x2</size>
      </object_component>
      <object_component id="oc-674">
         <name>.common:T0</name>
         <uninitialized>true</uninitialized>
         <run_address>0x2590</run_address>
         <size>0x4</size>
      </object_component>
      <object_component id="oc-676">
         <name>.common:T1</name>
         <uninitialized>true</uninitialized>
         <run_address>0x2594</run_address>
         <size>0x4</size>
      </object_component>
      <object_component id="oc-678">
         <name>.common:T2</name>
         <uninitialized>true</uninitialized>
         <run_address>0x2598</run_address>
         <size>0x4</size>
      </object_component>
      <object_component id="oc-67a">
         <name>.common:T3</name>
         <uninitialized>true</uninitialized>
         <run_address>0x259c</run_address>
         <size>0x4</size>
      </object_component>
      <object_component id="oc-6e3">
         <name>.common:GG0</name>
         <uninitialized>true</uninitialized>
         <run_address>0x246c</run_address>
         <size>0x4</size>
      </object_component>
      <object_component id="oc-6e4">
         <name>.common:GG2</name>
         <uninitialized>true</uninitialized>
         <run_address>0x2470</run_address>
         <size>0x4</size>
      </object_component>
      <object_component id="oc-673">
         <name>.common:X0</name>
         <uninitialized>true</uninitialized>
         <run_address>0x25a0</run_address>
         <size>0x4</size>
      </object_component>
      <object_component id="oc-675">
         <name>.common:X1</name>
         <uninitialized>true</uninitialized>
         <run_address>0x25a4</run_address>
         <size>0x4</size>
      </object_component>
      <object_component id="oc-677">
         <name>.common:X2</name>
         <uninitialized>true</uninitialized>
         <run_address>0x25a8</run_address>
         <size>0x4</size>
      </object_component>
      <object_component id="oc-679">
         <name>.common:X3</name>
         <uninitialized>true</uninitialized>
         <run_address>0x25ac</run_address>
         <size>0x4</size>
      </object_component>
      <object_component id="oc-6a4">
         <name>.common:Y0</name>
         <uninitialized>true</uninitialized>
         <run_address>0x25b0</run_address>
         <size>0x4</size>
      </object_component>
      <object_component id="oc-6a5">
         <name>.common:Y1</name>
         <uninitialized>true</uninitialized>
         <run_address>0x25b4</run_address>
         <size>0x4</size>
      </object_component>
      <object_component id="oc-6a6">
         <name>.common:Y2</name>
         <uninitialized>true</uninitialized>
         <run_address>0x25b8</run_address>
         <size>0x4</size>
      </object_component>
      <object_component id="oc-67c">
         <name>.common:Y3</name>
         <uninitialized>true</uninitialized>
         <run_address>0x25bc</run_address>
         <size>0x4</size>
      </object_component>
      <object_component id="oc-6a8">
         <name>.common:M0</name>
         <uninitialized>true</uninitialized>
         <run_address>0x2524</run_address>
         <size>0x4</size>
      </object_component>
      <object_component id="oc-6a9">
         <name>.common:M1</name>
         <uninitialized>true</uninitialized>
         <run_address>0x2528</run_address>
         <size>0x4</size>
      </object_component>
      <object_component id="oc-6aa">
         <name>.common:M2</name>
         <uninitialized>true</uninitialized>
         <run_address>0x252c</run_address>
         <size>0x4</size>
      </object_component>
      <object_component id="oc-6ab">
         <name>.common:M3</name>
         <uninitialized>true</uninitialized>
         <run_address>0x2530</run_address>
         <size>0x4</size>
      </object_component>
      <object_component id="oc-6ae">
         <name>.common:N0</name>
         <uninitialized>true</uninitialized>
         <run_address>0x2534</run_address>
         <size>0x4</size>
      </object_component>
      <object_component id="oc-6af">
         <name>.common:N1</name>
         <uninitialized>true</uninitialized>
         <run_address>0x2538</run_address>
         <size>0x4</size>
      </object_component>
      <object_component id="oc-6b0">
         <name>.common:N2</name>
         <uninitialized>true</uninitialized>
         <run_address>0x253c</run_address>
         <size>0x4</size>
      </object_component>
      <object_component id="oc-6ad">
         <name>.common:N3</name>
         <uninitialized>true</uninitialized>
         <run_address>0x2540</run_address>
         <size>0x4</size>
      </object_component>
      <object_component id="oc-685">
         <name>.common:K00</name>
         <uninitialized>true</uninitialized>
         <run_address>0x24c4</run_address>
         <size>0x4</size>
      </object_component>
      <object_component id="oc-686">
         <name>.common:K01</name>
         <uninitialized>true</uninitialized>
         <run_address>0x24c8</run_address>
         <size>0x4</size>
      </object_component>
      <object_component id="oc-687">
         <name>.common:K02</name>
         <uninitialized>true</uninitialized>
         <run_address>0x24cc</run_address>
         <size>0x4</size>
      </object_component>
      <object_component id="oc-688">
         <name>.common:K03</name>
         <uninitialized>true</uninitialized>
         <run_address>0x24d0</run_address>
         <size>0x4</size>
      </object_component>
      <object_component id="oc-68a">
         <name>.common:K10</name>
         <uninitialized>true</uninitialized>
         <run_address>0x24d4</run_address>
         <size>0x4</size>
      </object_component>
      <object_component id="oc-68b">
         <name>.common:K11</name>
         <uninitialized>true</uninitialized>
         <run_address>0x24d8</run_address>
         <size>0x4</size>
      </object_component>
      <object_component id="oc-68c">
         <name>.common:K12</name>
         <uninitialized>true</uninitialized>
         <run_address>0x24dc</run_address>
         <size>0x4</size>
      </object_component>
      <object_component id="oc-68d">
         <name>.common:K13</name>
         <uninitialized>true</uninitialized>
         <run_address>0x24e0</run_address>
         <size>0x4</size>
      </object_component>
      <object_component id="oc-68f">
         <name>.common:K20</name>
         <uninitialized>true</uninitialized>
         <run_address>0x24e4</run_address>
         <size>0x4</size>
      </object_component>
      <object_component id="oc-690">
         <name>.common:K21</name>
         <uninitialized>true</uninitialized>
         <run_address>0x24e8</run_address>
         <size>0x4</size>
      </object_component>
      <object_component id="oc-691">
         <name>.common:K22</name>
         <uninitialized>true</uninitialized>
         <run_address>0x24ec</run_address>
         <size>0x4</size>
      </object_component>
      <object_component id="oc-692">
         <name>.common:K23</name>
         <uninitialized>true</uninitialized>
         <run_address>0x24f0</run_address>
         <size>0x4</size>
      </object_component>
      <object_component id="oc-694">
         <name>.common:K30</name>
         <uninitialized>true</uninitialized>
         <run_address>0x24f4</run_address>
         <size>0x4</size>
      </object_component>
      <object_component id="oc-695">
         <name>.common:K31</name>
         <uninitialized>true</uninitialized>
         <run_address>0x24f8</run_address>
         <size>0x4</size>
      </object_component>
      <object_component id="oc-696">
         <name>.common:K32</name>
         <uninitialized>true</uninitialized>
         <run_address>0x24fc</run_address>
         <size>0x4</size>
      </object_component>
      <object_component id="oc-697">
         <name>.common:K33</name>
         <uninitialized>true</uninitialized>
         <run_address>0x2500</run_address>
         <size>0x4</size>
      </object_component>
      <object_component id="oc-699">
         <name>.common:K40</name>
         <uninitialized>true</uninitialized>
         <run_address>0x2504</run_address>
         <size>0x4</size>
      </object_component>
      <object_component id="oc-69a">
         <name>.common:K41</name>
         <uninitialized>true</uninitialized>
         <run_address>0x2508</run_address>
         <size>0x4</size>
      </object_component>
      <object_component id="oc-69b">
         <name>.common:K42</name>
         <uninitialized>true</uninitialized>
         <run_address>0x250c</run_address>
         <size>0x4</size>
      </object_component>
      <object_component id="oc-69c">
         <name>.common:K43</name>
         <uninitialized>true</uninitialized>
         <run_address>0x2510</run_address>
         <size>0x4</size>
      </object_component>
      <object_component id="oc-69e">
         <name>.common:K50</name>
         <uninitialized>true</uninitialized>
         <run_address>0x2514</run_address>
         <size>0x4</size>
      </object_component>
      <object_component id="oc-69f">
         <name>.common:K51</name>
         <uninitialized>true</uninitialized>
         <run_address>0x2518</run_address>
         <size>0x4</size>
      </object_component>
      <object_component id="oc-6a0">
         <name>.common:K52</name>
         <uninitialized>true</uninitialized>
         <run_address>0x251c</run_address>
         <size>0x4</size>
      </object_component>
      <object_component id="oc-6a1">
         <name>.common:K53</name>
         <uninitialized>true</uninitialized>
         <run_address>0x2520</run_address>
         <size>0x4</size>
      </object_component>
      <object_component id="oc-683">
         <name>.common:i</name>
         <uninitialized>true</uninitialized>
         <run_address>0x25c4</run_address>
         <size>0x2</size>
      </object_component>
      <object_component id="oc-684">
         <name>.common:Buffer1</name>
         <uninitialized>true</uninitialized>
         <run_address>0x2464</run_address>
         <size>0x8</size>
      </object_component>
      <object_component id="oc-6b3">
         <name>.common:R0</name>
         <uninitialized>true</uninitialized>
         <run_address>0x2570</run_address>
         <size>0x4</size>
      </object_component>
      <object_component id="oc-6b4">
         <name>.common:R1</name>
         <uninitialized>true</uninitialized>
         <run_address>0x2574</run_address>
         <size>0x4</size>
      </object_component>
      <object_component id="oc-6b5">
         <name>.common:R2</name>
         <uninitialized>true</uninitialized>
         <run_address>0x2578</run_address>
         <size>0x4</size>
      </object_component>
      <object_component id="oc-6b6">
         <name>.common:R3</name>
         <uninitialized>true</uninitialized>
         <run_address>0x257c</run_address>
         <size>0x4</size>
      </object_component>
      <object_component id="oc-6b8">
         <name>.common:S0</name>
         <uninitialized>true</uninitialized>
         <run_address>0x2580</run_address>
         <size>0x4</size>
      </object_component>
      <object_component id="oc-6b9">
         <name>.common:S1</name>
         <uninitialized>true</uninitialized>
         <run_address>0x2584</run_address>
         <size>0x4</size>
      </object_component>
      <object_component id="oc-6ba">
         <name>.common:S2</name>
         <uninitialized>true</uninitialized>
         <run_address>0x2588</run_address>
         <size>0x4</size>
      </object_component>
      <object_component id="oc-6bb">
         <name>.common:S3</name>
         <uninitialized>true</uninitialized>
         <run_address>0x258c</run_address>
         <size>0x4</size>
      </object_component>
      <object_component id="oc-6bd">
         <name>.common:P0</name>
         <uninitialized>true</uninitialized>
         <run_address>0x2544</run_address>
         <size>0x4</size>
      </object_component>
      <object_component id="oc-6be">
         <name>.common:P1</name>
         <uninitialized>true</uninitialized>
         <run_address>0x2548</run_address>
         <size>0x4</size>
      </object_component>
      <object_component id="oc-6bf">
         <name>.common:P2</name>
         <uninitialized>true</uninitialized>
         <run_address>0x254c</run_address>
         <size>0x4</size>
      </object_component>
      <object_component id="oc-6c0">
         <name>.common:P3</name>
         <uninitialized>true</uninitialized>
         <run_address>0x2550</run_address>
         <size>0x4</size>
      </object_component>
      <object_component id="oc-6c7">
         <name>.common:H10</name>
         <uninitialized>true</uninitialized>
         <run_address>0x2474</run_address>
         <size>0x4</size>
      </object_component>
      <object_component id="oc-6c8">
         <name>.common:H11</name>
         <uninitialized>true</uninitialized>
         <run_address>0x2478</run_address>
         <size>0x4</size>
      </object_component>
      <object_component id="oc-6c9">
         <name>.common:H12</name>
         <uninitialized>true</uninitialized>
         <run_address>0x247c</run_address>
         <size>0x4</size>
      </object_component>
      <object_component id="oc-6ca">
         <name>.common:H13</name>
         <uninitialized>true</uninitialized>
         <run_address>0x2480</run_address>
         <size>0x4</size>
      </object_component>
      <object_component id="oc-6cc">
         <name>.common:H20</name>
         <uninitialized>true</uninitialized>
         <run_address>0x2484</run_address>
         <size>0x4</size>
      </object_component>
      <object_component id="oc-6cd">
         <name>.common:H21</name>
         <uninitialized>true</uninitialized>
         <run_address>0x2488</run_address>
         <size>0x4</size>
      </object_component>
      <object_component id="oc-6ce">
         <name>.common:H22</name>
         <uninitialized>true</uninitialized>
         <run_address>0x248c</run_address>
         <size>0x4</size>
      </object_component>
      <object_component id="oc-6cf">
         <name>.common:H23</name>
         <uninitialized>true</uninitialized>
         <run_address>0x2490</run_address>
         <size>0x4</size>
      </object_component>
      <object_component id="oc-6d1">
         <name>.common:H30</name>
         <uninitialized>true</uninitialized>
         <run_address>0x2494</run_address>
         <size>0x4</size>
      </object_component>
      <object_component id="oc-6d2">
         <name>.common:H31</name>
         <uninitialized>true</uninitialized>
         <run_address>0x2498</run_address>
         <size>0x4</size>
      </object_component>
      <object_component id="oc-6d3">
         <name>.common:H32</name>
         <uninitialized>true</uninitialized>
         <run_address>0x249c</run_address>
         <size>0x4</size>
      </object_component>
      <object_component id="oc-6d4">
         <name>.common:H33</name>
         <uninitialized>true</uninitialized>
         <run_address>0x24a0</run_address>
         <size>0x4</size>
      </object_component>
      <object_component id="oc-6d6">
         <name>.common:H40</name>
         <uninitialized>true</uninitialized>
         <run_address>0x24a4</run_address>
         <size>0x4</size>
      </object_component>
      <object_component id="oc-6d7">
         <name>.common:H41</name>
         <uninitialized>true</uninitialized>
         <run_address>0x24a8</run_address>
         <size>0x4</size>
      </object_component>
      <object_component id="oc-6d8">
         <name>.common:H42</name>
         <uninitialized>true</uninitialized>
         <run_address>0x24ac</run_address>
         <size>0x4</size>
      </object_component>
      <object_component id="oc-6d9">
         <name>.common:H43</name>
         <uninitialized>true</uninitialized>
         <run_address>0x24b0</run_address>
         <size>0x4</size>
      </object_component>
      <object_component id="oc-6db">
         <name>.common:H50</name>
         <uninitialized>true</uninitialized>
         <run_address>0x24b4</run_address>
         <size>0x4</size>
      </object_component>
      <object_component id="oc-6dc">
         <name>.common:H51</name>
         <uninitialized>true</uninitialized>
         <run_address>0x24b8</run_address>
         <size>0x4</size>
      </object_component>
      <object_component id="oc-6dd">
         <name>.common:H52</name>
         <uninitialized>true</uninitialized>
         <run_address>0x24bc</run_address>
         <size>0x4</size>
      </object_component>
      <object_component id="oc-6de">
         <name>.common:H53</name>
         <uninitialized>true</uninitialized>
         <run_address>0x24c0</run_address>
         <size>0x4</size>
      </object_component>
      <object_component id="oc-6c2">
         <name>.common:PDR</name>
         <uninitialized>true</uninitialized>
         <run_address>0x2564</run_address>
         <size>0x4</size>
      </object_component>
      <object_component id="oc-6c3">
         <name>.common:PDS</name>
         <uninitialized>true</uninitialized>
         <run_address>0x2568</run_address>
         <size>0x4</size>
      </object_component>
      <object_component id="oc-6c4">
         <name>.common:PDP</name>
         <uninitialized>true</uninitialized>
         <run_address>0x2560</run_address>
         <size>0x4</size>
      </object_component>
      <object_component id="oc-6e0">
         <name>.common:PD1</name>
         <uninitialized>true</uninitialized>
         <run_address>0x2554</run_address>
         <size>0x4</size>
      </object_component>
      <object_component id="oc-6e1">
         <name>.common:PD2</name>
         <uninitialized>true</uninitialized>
         <run_address>0x2558</run_address>
         <size>0x4</size>
      </object_component>
      <object_component id="oc-6e2">
         <name>.common:PD3</name>
         <uninitialized>true</uninitialized>
         <run_address>0x255c</run_address>
         <size>0x4</size>
      </object_component>
      <object_component id="oc-6e5">
         <name>.common:PDflag</name>
         <uninitialized>true</uninitialized>
         <run_address>0x256c</run_address>
         <size>0x4</size>
      </object_component>
      <object_component id="oc-3fb">
         <name>.common:USART_RX_BUF</name>
         <uninitialized>true</uninitialized>
         <run_address>0x2400</run_address>
         <size>0x64</size>
      </object_component>
      <object_component id="oc-495">
         <name>.data</name>
         <load_address>0x25c8</load_address>
         <run_address>0x25c8</run_address>
         <size>0x34</size>
         <input_file_ref idref="fl-5"/>
      </object_component>
      <object_component id="oc-477">
         <name>.data:Buffer</name>
         <load_address>0x25fc</load_address>
         <run_address>0x25fc</run_address>
         <size>0x10</size>
         <input_file_ref idref="fl-5"/>
      </object_component>
      <object_component id="oc-3f2">
         <name>.data</name>
         <load_address>0x260c</load_address>
         <run_address>0x260c</run_address>
         <size>0x4</size>
         <input_file_ref idref="fl-7"/>
      </object_component>
      <object_component id="oc-37d">
         <name>.stack</name>
         <uninitialized>true</uninitialized>
         <run_address>0x4360</run_address>
         <size>0x4</size>
         <input_file_ref idref="fl-53"/>
      </object_component>
      <object_component id="oc-79d">
         <name>.stack</name>
         <uninitialized>true</uninitialized>
         <run_address>0x4360</run_address>
         <size>0x0</size>
      </object_component>
      <object_component id="oc-5eb">
         <name>.text:Mode_23</name>
         <load_address>0x10000</load_address>
         <run_address>0x10000</run_address>
         <size>0x336</size>
         <input_file_ref idref="fl-5"/>
      </object_component>
      <object_component id="oc-40d">
         <name>.text:main</name>
         <load_address>0x10336</load_address>
         <run_address>0x10336</run_address>
         <size>0x2c4</size>
         <input_file_ref idref="fl-5"/>
      </object_component>
      <object_component id="oc-5a3">
         <name>.text:Mode_11</name>
         <load_address>0x105fa</load_address>
         <run_address>0x105fa</run_address>
         <size>0x25c</size>
         <input_file_ref idref="fl-5"/>
      </object_component>
      <object_component id="oc-5c1">
         <name>.text:Mode_16</name>
         <load_address>0x10856</load_address>
         <run_address>0x10856</run_address>
         <size>0x230</size>
         <input_file_ref idref="fl-5"/>
      </object_component>
      <object_component id="oc-465">
         <name>.text:FDC2214_init</name>
         <load_address>0x10a86</load_address>
         <run_address>0x10a86</run_address>
         <size>0x1e2</size>
         <input_file_ref idref="fl-3"/>
      </object_component>
      <object_component id="oc-597">
         <name>.text:Mode_9</name>
         <load_address>0x10c68</load_address>
         <run_address>0x10c68</run_address>
         <size>0x1a2</size>
         <input_file_ref idref="fl-5"/>
      </object_component>
      <object_component id="oc-5cd">
         <name>.text:Mode_18</name>
         <load_address>0x10e0a</load_address>
         <run_address>0x10e0a</run_address>
         <size>0x152</size>
         <input_file_ref idref="fl-5"/>
      </object_component>
      <object_component id="oc-5e5">
         <name>.text:Mode_22</name>
         <load_address>0x10f5c</load_address>
         <run_address>0x10f5c</run_address>
         <size>0x152</size>
         <input_file_ref idref="fl-5"/>
      </object_component>
      <object_component id="oc-59d">
         <name>.text:Mode_10</name>
         <load_address>0x110ae</load_address>
         <run_address>0x110ae</run_address>
         <size>0x148</size>
         <input_file_ref idref="fl-5"/>
      </object_component>
      <object_component id="oc-591">
         <name>.text:Mode_8</name>
         <load_address>0x111f6</load_address>
         <run_address>0x111f6</run_address>
         <size>0x144</size>
         <input_file_ref idref="fl-5"/>
      </object_component>
      <object_component id="oc-567">
         <name>.text:Mode_1</name>
         <load_address>0x1133a</load_address>
         <run_address>0x1133a</run_address>
         <size>0x140</size>
         <input_file_ref idref="fl-5"/>
      </object_component>
      <object_component id="oc-5d3">
         <name>.text:Mode_19</name>
         <load_address>0x1147a</load_address>
         <run_address>0x1147a</run_address>
         <size>0x134</size>
         <input_file_ref idref="fl-5"/>
      </object_component>
      <object_component id="oc-5d9">
         <name>.text:Mode_20</name>
         <load_address>0x115ae</load_address>
         <run_address>0x115ae</run_address>
         <size>0x134</size>
         <input_file_ref idref="fl-5"/>
      </object_component>
      <object_component id="oc-544">
         <name>.text</name>
         <load_address>0x116e2</load_address>
         <run_address>0x116e2</run_address>
         <size>0x132</size>
         <input_file_ref idref="fl-2e"/>
      </object_component>
      <object_component id="oc-47a">
         <name>.text:evm_processDRDY</name>
         <load_address>0x11814</load_address>
         <run_address>0x11814</run_address>
         <size>0x11a</size>
         <input_file_ref idref="fl-3"/>
      </object_component>
      <object_component id="oc-5a9">
         <name>.text:Mode_12</name>
         <load_address>0x1192e</load_address>
         <run_address>0x1192e</run_address>
         <size>0x110</size>
         <input_file_ref idref="fl-5"/>
      </object_component>
      <object_component id="oc-5af">
         <name>.text:Mode_13</name>
         <load_address>0x11a3e</load_address>
         <run_address>0x11a3e</run_address>
         <size>0x110</size>
         <input_file_ref idref="fl-5"/>
      </object_component>
      <object_component id="oc-5b5">
         <name>.text:Mode_14</name>
         <load_address>0x11b4e</load_address>
         <run_address>0x11b4e</run_address>
         <size>0x110</size>
         <input_file_ref idref="fl-5"/>
      </object_component>
      <object_component id="oc-5bb">
         <name>.text:Mode_15</name>
         <load_address>0x11c5e</load_address>
         <run_address>0x11c5e</run_address>
         <size>0x110</size>
         <input_file_ref idref="fl-5"/>
      </object_component>
      <object_component id="oc-5c7">
         <name>.text:Mode_17</name>
         <load_address>0x11d6e</load_address>
         <run_address>0x11d6e</run_address>
         <size>0x110</size>
         <input_file_ref idref="fl-5"/>
      </object_component>
      <object_component id="oc-5df">
         <name>.text:Mode_21</name>
         <load_address>0x11e7e</load_address>
         <run_address>0x11e7e</run_address>
         <size>0x110</size>
         <input_file_ref idref="fl-5"/>
      </object_component>
      <object_component id="oc-56d">
         <name>.text:Mode_2</name>
         <load_address>0x11f8e</load_address>
         <run_address>0x11f8e</run_address>
         <size>0x110</size>
         <input_file_ref idref="fl-5"/>
      </object_component>
      <object_component id="oc-573">
         <name>.text:Mode_3</name>
         <load_address>0x1209e</load_address>
         <run_address>0x1209e</run_address>
         <size>0x110</size>
         <input_file_ref idref="fl-5"/>
      </object_component>
      <object_component id="oc-579">
         <name>.text:Mode_4</name>
         <load_address>0x121ae</load_address>
         <run_address>0x121ae</run_address>
         <size>0x110</size>
         <input_file_ref idref="fl-5"/>
      </object_component>
      <object_component id="oc-57f">
         <name>.text:Mode_5</name>
         <load_address>0x122be</load_address>
         <run_address>0x122be</run_address>
         <size>0x110</size>
         <input_file_ref idref="fl-5"/>
      </object_component>
      <object_component id="oc-585">
         <name>.text:Mode_6</name>
         <load_address>0x123ce</load_address>
         <run_address>0x123ce</run_address>
         <size>0x110</size>
         <input_file_ref idref="fl-5"/>
      </object_component>
      <object_component id="oc-58b">
         <name>.text:Mode_7</name>
         <load_address>0x124de</load_address>
         <run_address>0x124de</run_address>
         <size>0x110</size>
         <input_file_ref idref="fl-5"/>
      </object_component>
      <object_component id="oc-489">
         <name>.text:mode_xuanze</name>
         <load_address>0x125ee</load_address>
         <run_address>0x125ee</run_address>
         <size>0xf0</size>
         <input_file_ref idref="fl-5"/>
      </object_component>
      <object_component id="oc-44c">
         <name>.text:OLED_Init</name>
         <load_address>0x126de</load_address>
         <run_address>0x126de</run_address>
         <size>0xe4</size>
         <input_file_ref idref="fl-6"/>
      </object_component>
      <object_component id="oc-53f">
         <name>.text</name>
         <load_address>0x127c2</load_address>
         <run_address>0x127c2</run_address>
         <size>0xb8</size>
         <input_file_ref idref="fl-30"/>
      </object_component>
      <object_component id="oc-4f0">
         <name>.text:OLED_ShowChar</name>
         <load_address>0x1287a</load_address>
         <run_address>0x1287a</run_address>
         <size>0xac</size>
         <input_file_ref idref="fl-6"/>
      </object_component>
      <object_component id="oc-471">
         <name>.text:OLED_ShowNum</name>
         <load_address>0x12926</load_address>
         <run_address>0x12926</run_address>
         <size>0x96</size>
         <input_file_ref idref="fl-6"/>
      </object_component>
      <object_component id="oc-549">
         <name>.text</name>
         <load_address>0x129bc</load_address>
         <run_address>0x129bc</run_address>
         <size>0x90</size>
         <input_file_ref idref="fl-2f"/>
      </object_component>
      <object_component id="oc-6d">
         <name>.text:decompress:lzss:__TI_decompress_lzss</name>
         <load_address>0x12a4c</load_address>
         <run_address>0x12a4c</run_address>
         <size>0x76</size>
         <input_file_ref idref="fl-5c"/>
      </object_component>
      <object_component id="oc-4fb">
         <name>.text:MPU_Write_2Byte</name>
         <load_address>0x12ac2</load_address>
         <run_address>0x12ac2</run_address>
         <size>0x74</size>
         <input_file_ref idref="fl-4"/>
      </object_component>
      <object_component id="oc-48f">
         <name>.text:Is_sw_pressed1</name>
         <load_address>0x12b36</load_address>
         <run_address>0x12b36</run_address>
         <size>0x6e</size>
         <input_file_ref idref="fl-5"/>
      </object_component>
      <object_component id="oc-480">
         <name>.text:Is_sw_pressed2</name>
         <load_address>0x12ba4</load_address>
         <run_address>0x12ba4</run_address>
         <size>0x6e</size>
         <input_file_ref idref="fl-5"/>
      </object_component>
      <object_component id="oc-43a">
         <name>.text:Clock_Init</name>
         <load_address>0x12c12</load_address>
         <run_address>0x12c12</run_address>
         <size>0x66</size>
         <input_file_ref idref="fl-5"/>
      </object_component>
      <object_component id="oc-46b">
         <name>.text:MPU_Read_2Byte</name>
         <load_address>0x12c78</load_address>
         <run_address>0x12c78</run_address>
         <size>0x66</size>
         <input_file_ref idref="fl-4"/>
      </object_component>
      <object_component id="oc-514">
         <name>.text:IIC_Read_Byte</name>
         <load_address>0x12cde</load_address>
         <run_address>0x12cde</run_address>
         <size>0x62</size>
         <input_file_ref idref="fl-4"/>
      </object_component>
      <object_component id="oc-52d">
         <name>.text</name>
         <load_address>0x12d40</load_address>
         <run_address>0x12d40</run_address>
         <size>0x58</size>
         <input_file_ref idref="fl-2d"/>
      </object_component>
      <object_component id="oc-4c3">
         <name>.text:__TI_auto_init_nobinit_nopinit_hold_wdt:__TI_auto_init_nobinit_nopinit_hold_wdt</name>
         <load_address>0x12d98</load_address>
         <run_address>0x12d98</run_address>
         <size>0x54</size>
         <input_file_ref idref="fl-54"/>
      </object_component>
      <object_component id="oc-508">
         <name>.text:IIC_Send_Byte</name>
         <load_address>0x12dec</load_address>
         <run_address>0x12dec</run_address>
         <size>0x4c</size>
         <input_file_ref idref="fl-4"/>
      </object_component>
      <object_component id="oc-54e">
         <name>.text</name>
         <load_address>0x12e38</load_address>
         <run_address>0x12e38</run_address>
         <size>0x4c</size>
         <input_file_ref idref="fl-31"/>
      </object_component>
      <object_component id="oc-50e">
         <name>.text:IIC_Wait_Ack</name>
         <load_address>0x12e84</load_address>
         <run_address>0x12e84</run_address>
         <size>0x48</size>
         <input_file_ref idref="fl-4"/>
      </object_component>
      <object_component id="oc-452">
         <name>.text:OLED_Clear</name>
         <load_address>0x12ecc</load_address>
         <run_address>0x12ecc</run_address>
         <size>0x44</size>
         <input_file_ref idref="fl-6"/>
      </object_component>
      <object_component id="oc-4e1">
         <name>.text:OLED_WR_Byte</name>
         <load_address>0x12f10</load_address>
         <run_address>0x12f10</run_address>
         <size>0x44</size>
         <input_file_ref idref="fl-6"/>
      </object_component>
      <object_component id="oc-45f">
         <name>.text:OLED_ShowString</name>
         <load_address>0x12f54</load_address>
         <run_address>0x12f54</run_address>
         <size>0x3a</size>
         <input_file_ref idref="fl-6"/>
      </object_component>
      <object_component id="oc-630">
         <name>.text:write1byte</name>
         <load_address>0x12f8e</load_address>
         <run_address>0x12f8e</run_address>
         <size>0x3a</size>
         <input_file_ref idref="fl-6"/>
      </object_component>
      <object_component id="oc-655">
         <name>.text:IIC_NAck</name>
         <load_address>0x12fc8</load_address>
         <run_address>0x12fc8</run_address>
         <size>0x36</size>
         <input_file_ref idref="fl-4"/>
      </object_component>
      <object_component id="oc-53a">
         <name>.text</name>
         <load_address>0x12ffe</load_address>
         <run_address>0x12ffe</run_address>
         <size>0x32</size>
         <input_file_ref idref="fl-32"/>
      </object_component>
      <object_component id="oc-51a">
         <name>.text:IIC_Ack</name>
         <load_address>0x13030</load_address>
         <run_address>0x13030</run_address>
         <size>0x2e</size>
         <input_file_ref idref="fl-4"/>
      </object_component>
      <object_component id="oc-502">
         <name>.text:IIC_Start</name>
         <load_address>0x1305e</load_address>
         <run_address>0x1305e</run_address>
         <size>0x2e</size>
         <input_file_ref idref="fl-4"/>
      </object_component>
      <object_component id="oc-520">
         <name>.text:IIC_Stop</name>
         <load_address>0x1308c</load_address>
         <run_address>0x1308c</run_address>
         <size>0x2e</size>
         <input_file_ref idref="fl-4"/>
      </object_component>
      <object_component id="oc-446">
         <name>.text:UART_RS232_Init</name>
         <load_address>0x130ba</load_address>
         <run_address>0x130ba</run_address>
         <size>0x2a</size>
         <input_file_ref idref="fl-7"/>
      </object_component>
      <object_component id="oc-63e">
         <name>.text:OLED_Set_Pos</name>
         <load_address>0x130e4</load_address>
         <run_address>0x130e4</run_address>
         <size>0x28</size>
         <input_file_ref idref="fl-6"/>
      </object_component>
      <object_component id="oc-3a4">
         <name>.text:decompress:ZI:__TI_zero_init_nomemset:__TI_zero_init_nomemset</name>
         <load_address>0x1310c</load_address>
         <run_address>0x1310c</run_address>
         <size>0x24</size>
         <input_file_ref idref="fl-55"/>
      </object_component>
      <object_component id="oc-65e">
         <name>.text</name>
         <load_address>0x13130</load_address>
         <run_address>0x13130</run_address>
         <size>0x24</size>
         <input_file_ref idref="fl-50"/>
      </object_component>
      <object_component id="oc-527">
         <name>.text:oled_pow</name>
         <load_address>0x13154</load_address>
         <run_address>0x13154</run_address>
         <size>0x20</size>
         <input_file_ref idref="fl-6"/>
      </object_component>
      <object_component id="oc-4e7">
         <name>.text:OLED_Display_On</name>
         <load_address>0x13174</load_address>
         <run_address>0x13174</run_address>
         <size>0x1c</size>
         <input_file_ref idref="fl-6"/>
      </object_component>
      <object_component id="oc-62a">
         <name>.text:IIC_Start_oled</name>
         <load_address>0x13190</load_address>
         <run_address>0x13190</run_address>
         <size>0x1a</size>
         <input_file_ref idref="fl-6"/>
      </object_component>
      <object_component id="oc-636">
         <name>.text:IIC_Stop_oled</name>
         <load_address>0x131aa</load_address>
         <run_address>0x131aa</run_address>
         <size>0x1a</size>
         <input_file_ref idref="fl-6"/>
      </object_component>
      <object_component id="oc-532">
         <name>.text</name>
         <load_address>0x131c4</load_address>
         <run_address>0x131c4</run_address>
         <size>0x18</size>
         <input_file_ref idref="fl-4d"/>
      </object_component>
      <object_component id="oc-498">
         <name>.text:memset</name>
         <load_address>0x131dc</load_address>
         <run_address>0x131dc</run_address>
         <size>0x16</size>
         <input_file_ref idref="fl-6d"/>
      </object_component>
      <object_component id="oc-38c">
         <name>.text:memcpy</name>
         <load_address>0x131f2</load_address>
         <run_address>0x131f2</run_address>
         <size>0x14</size>
         <input_file_ref idref="fl-6c"/>
      </object_component>
      <object_component id="oc-73">
         <name>.text:decompress:none:__TI_decompress_none</name>
         <load_address>0x13206</load_address>
         <run_address>0x13206</run_address>
         <size>0x12</size>
         <input_file_ref idref="fl-5b"/>
      </object_component>
      <object_component id="oc-458">
         <name>.text:IIC_Init</name>
         <load_address>0x13218</load_address>
         <run_address>0x13218</run_address>
         <size>0xe</size>
         <input_file_ref idref="fl-4"/>
      </object_component>
      <object_component id="oc-3f5">
         <name>.text:Send_Byte</name>
         <load_address>0x13226</load_address>
         <run_address>0x13226</run_address>
         <size>0xc</size>
         <input_file_ref idref="fl-7"/>
      </object_component>
      <object_component id="oc-67d">
         <name>.text:abs</name>
         <load_address>0x13232</load_address>
         <run_address>0x13232</run_address>
         <size>0xa</size>
         <input_file_ref idref="fl-6f"/>
      </object_component>
      <object_component id="oc-555">
         <name>.text</name>
         <load_address>0x1323c</load_address>
         <run_address>0x1323c</run_address>
         <size>0xa</size>
         <input_file_ref idref="fl-49"/>
      </object_component>
      <object_component id="oc-440">
         <name>.text:IO_Init</name>
         <load_address>0x13246</load_address>
         <run_address>0x13246</run_address>
         <size>0x8</size>
         <input_file_ref idref="fl-5"/>
      </object_component>
      <object_component id="oc-49f">
         <name>.text:abort</name>
         <load_address>0x1324e</load_address>
         <run_address>0x1324e</run_address>
         <size>0x6</size>
         <input_file_ref idref="fl-69"/>
      </object_component>
      <object_component id="oc-407">
         <name>.text:_system_pre_init</name>
         <load_address>0x13254</load_address>
         <run_address>0x13254</run_address>
         <size>0x4</size>
         <input_file_ref idref="fl-59"/>
      </object_component>
      <object_component id="oc-609">
         <name>.text:_system_post_cinit</name>
         <load_address>0x13258</load_address>
         <run_address>0x13258</run_address>
         <size>0x2</size>
         <input_file_ref idref="fl-5a"/>
      </object_component>
      <object_component id="oc-39e">
         <name>.text:_isr:USCI_A1_ISR</name>
         <load_address>0x4400</load_address>
         <run_address>0x4400</run_address>
         <size>0x6c</size>
         <input_file_ref idref="fl-5"/>
      </object_component>
      <object_component id="oc-3b6">
         <name>.text:_isr:_c_int00_noargs</name>
         <load_address>0x446c</load_address>
         <run_address>0x446c</run_address>
         <size>0x1c</size>
         <input_file_ref idref="fl-53"/>
      </object_component>
      <object_component id="oc-399">
         <name>.text:_isr:__TI_ISR_TRAP</name>
         <load_address>0x4488</load_address>
         <run_address>0x4488</run_address>
         <size>0x8</size>
         <input_file_ref idref="fl-48"/>
      </object_component>
      <object_component id="oc-79c">
         <name>.cinit..data.load</name>
         <load_address>0x4e4e</load_address>
         <run_address>0x4e4e</run_address>
         <size>0x1c</size>
      </object_component>
      <object_component id="oc-799">
         <name>__TI_handler_table</name>
         <load_address>0x4e6a</load_address>
         <run_address>0x4e6a</run_address>
         <size>0xc</size>
      </object_component>
      <object_component id="oc-79b">
         <name>.cinit..bss.load</name>
         <load_address>0x4e76</load_address>
         <run_address>0x4e76</run_address>
         <size>0x6</size>
      </object_component>
      <object_component id="oc-79a">
         <name>__TI_cinit_table</name>
         <load_address>0x4e7c</load_address>
         <run_address>0x4e7c</run_address>
         <size>0x10</size>
      </object_component>
      <object_component id="oc-647">
         <name>.const:.string:F8X16</name>
         <load_address>0x4490</load_address>
         <run_address>0x4490</run_address>
         <size>0x5f0</size>
         <input_file_ref idref="fl-6"/>
      </object_component>
      <object_component id="oc-644">
         <name>.const:F6x8</name>
         <load_address>0x4a80</load_address>
         <run_address>0x4a80</run_address>
         <size>0x228</size>
         <input_file_ref idref="fl-6"/>
      </object_component>
      <object_component id="oc-45e">
         <name>.const:.string</name>
         <load_address>0x4ca8</load_address>
         <run_address>0x4ca8</run_address>
         <size>0x1a6</size>
         <input_file_ref idref="fl-5"/>
      </object_component>
      <object_component id="oc-72b">
         <name>.binit</name>
         <load_address>0x4400</load_address>
         <run_address>0x4400</run_address>
         <size>0x0</size>
      </object_component>
      <object_component id="oc-79">
         <name>.int41</name>
         <load_address>0xffd2</load_address>
         <run_address>0xffd2</run_address>
         <size>0x2</size>
         <input_file_ref idref="fl-33"/>
      </object_component>
      <object_component id="oc-7a">
         <name>.int42</name>
         <load_address>0xffd4</load_address>
         <run_address>0xffd4</run_address>
         <size>0x2</size>
         <input_file_ref idref="fl-34"/>
      </object_component>
      <object_component id="oc-7b">
         <name>.int43</name>
         <load_address>0xffd6</load_address>
         <run_address>0xffd6</run_address>
         <size>0x2</size>
         <input_file_ref idref="fl-35"/>
      </object_component>
      <object_component id="oc-7c">
         <name>.int44</name>
         <load_address>0xffd8</load_address>
         <run_address>0xffd8</run_address>
         <size>0x2</size>
         <input_file_ref idref="fl-36"/>
      </object_component>
      <object_component id="oc-7d">
         <name>.int45</name>
         <load_address>0xffda</load_address>
         <run_address>0xffda</run_address>
         <size>0x2</size>
         <input_file_ref idref="fl-37"/>
      </object_component>
      <object_component id="oc-7e">
         <name>.int46</name>
         <load_address>0xffdc</load_address>
         <run_address>0xffdc</run_address>
         <size>0x2</size>
         <input_file_ref idref="fl-5"/>
      </object_component>
      <object_component id="oc-7f">
         <name>.int47</name>
         <load_address>0xffde</load_address>
         <run_address>0xffde</run_address>
         <size>0x2</size>
         <input_file_ref idref="fl-38"/>
      </object_component>
      <object_component id="oc-80">
         <name>.int48</name>
         <load_address>0xffe0</load_address>
         <run_address>0xffe0</run_address>
         <size>0x2</size>
         <input_file_ref idref="fl-39"/>
      </object_component>
      <object_component id="oc-81">
         <name>.int49</name>
         <load_address>0xffe2</load_address>
         <run_address>0xffe2</run_address>
         <size>0x2</size>
         <input_file_ref idref="fl-3a"/>
      </object_component>
      <object_component id="oc-82">
         <name>.int50</name>
         <load_address>0xffe4</load_address>
         <run_address>0xffe4</run_address>
         <size>0x2</size>
         <input_file_ref idref="fl-3b"/>
      </object_component>
      <object_component id="oc-83">
         <name>.int51</name>
         <load_address>0xffe6</load_address>
         <run_address>0xffe6</run_address>
         <size>0x2</size>
         <input_file_ref idref="fl-3c"/>
      </object_component>
      <object_component id="oc-84">
         <name>.int52</name>
         <load_address>0xffe8</load_address>
         <run_address>0xffe8</run_address>
         <size>0x2</size>
         <input_file_ref idref="fl-3d"/>
      </object_component>
      <object_component id="oc-85">
         <name>.int53</name>
         <load_address>0xffea</load_address>
         <run_address>0xffea</run_address>
         <size>0x2</size>
         <input_file_ref idref="fl-3e"/>
      </object_component>
      <object_component id="oc-86">
         <name>.int54</name>
         <load_address>0xffec</load_address>
         <run_address>0xffec</run_address>
         <size>0x2</size>
         <input_file_ref idref="fl-3f"/>
      </object_component>
      <object_component id="oc-87">
         <name>.int55</name>
         <load_address>0xffee</load_address>
         <run_address>0xffee</run_address>
         <size>0x2</size>
         <input_file_ref idref="fl-40"/>
      </object_component>
      <object_component id="oc-88">
         <name>.int56</name>
         <load_address>0xfff0</load_address>
         <run_address>0xfff0</run_address>
         <size>0x2</size>
         <input_file_ref idref="fl-41"/>
      </object_component>
      <object_component id="oc-89">
         <name>.int57</name>
         <load_address>0xfff2</load_address>
         <run_address>0xfff2</run_address>
         <size>0x2</size>
         <input_file_ref idref="fl-42"/>
      </object_component>
      <object_component id="oc-8a">
         <name>.int58</name>
         <load_address>0xfff4</load_address>
         <run_address>0xfff4</run_address>
         <size>0x2</size>
         <input_file_ref idref="fl-43"/>
      </object_component>
      <object_component id="oc-8b">
         <name>.int59</name>
         <load_address>0xfff6</load_address>
         <run_address>0xfff6</run_address>
         <size>0x2</size>
         <input_file_ref idref="fl-44"/>
      </object_component>
      <object_component id="oc-8c">
         <name>.int60</name>
         <load_address>0xfff8</load_address>
         <run_address>0xfff8</run_address>
         <size>0x2</size>
         <input_file_ref idref="fl-45"/>
      </object_component>
      <object_component id="oc-8d">
         <name>.int61</name>
         <load_address>0xfffa</load_address>
         <run_address>0xfffa</run_address>
         <size>0x2</size>
         <input_file_ref idref="fl-46"/>
      </object_component>
      <object_component id="oc-8e">
         <name>.int62</name>
         <load_address>0xfffc</load_address>
         <run_address>0xfffc</run_address>
         <size>0x2</size>
         <input_file_ref idref="fl-47"/>
      </object_component>
      <object_component id="oc-380">
         <name>.reset</name>
         <load_address>0xfffe</load_address>
         <run_address>0xfffe</run_address>
         <size>0x2</size>
         <input_file_ref idref="fl-53"/>
      </object_component>
      <object_component id="oc-554">
         <name>.debug_info</name>
         <load_address>0x0</load_address>
         <run_address>0x0</run_address>
         <size>0x227</size>
         <input_file_ref idref="fl-3"/>
      </object_component>
      <object_component id="oc-4f9">
         <name>.debug_info</name>
         <load_address>0x227</load_address>
         <run_address>0x227</run_address>
         <size>0xc8</size>
         <input_file_ref idref="fl-3"/>
      </object_component>
      <object_component id="oc-47b">
         <name>.debug_info</name>
         <load_address>0x2ef</load_address>
         <run_address>0x2ef</run_address>
         <size>0x278</size>
         <input_file_ref idref="fl-3"/>
      </object_component>
      <object_component id="oc-466">
         <name>.debug_info</name>
         <load_address>0x567</load_address>
         <run_address>0x567</run_address>
         <size>0x33b</size>
         <input_file_ref idref="fl-3"/>
      </object_component>
      <object_component id="oc-55d">
         <name>.debug_info</name>
         <load_address>0x8a2</load_address>
         <run_address>0x8a2</run_address>
         <size>0x26b</size>
         <input_file_ref idref="fl-3"/>
      </object_component>
      <object_component id="oc-387">
         <name>.debug_info</name>
         <load_address>0xb0d</load_address>
         <run_address>0xb0d</run_address>
         <size>0x84</size>
         <input_file_ref idref="fl-3"/>
      </object_component>
      <object_component id="oc-66e">
         <name>.debug_info</name>
         <load_address>0xb91</load_address>
         <run_address>0xb91</run_address>
         <size>0x275</size>
         <input_file_ref idref="fl-3"/>
      </object_component>
      <object_component id="oc-651">
         <name>.debug_info</name>
         <load_address>0xe06</load_address>
         <run_address>0xe06</run_address>
         <size>0x1ea</size>
         <input_file_ref idref="fl-4"/>
      </object_component>
      <object_component id="oc-503">
         <name>.debug_info</name>
         <load_address>0xff0</load_address>
         <run_address>0xff0</run_address>
         <size>0xe7</size>
         <input_file_ref idref="fl-4"/>
      </object_component>
      <object_component id="oc-509">
         <name>.debug_info</name>
         <load_address>0x10d7</load_address>
         <run_address>0x10d7</run_address>
         <size>0x118</size>
         <input_file_ref idref="fl-4"/>
      </object_component>
      <object_component id="oc-521">
         <name>.debug_info</name>
         <load_address>0x11ef</load_address>
         <run_address>0x11ef</run_address>
         <size>0xe5</size>
         <input_file_ref idref="fl-4"/>
      </object_component>
      <object_component id="oc-50f">
         <name>.debug_info</name>
         <load_address>0x12d4</load_address>
         <run_address>0x12d4</run_address>
         <size>0x11b</size>
         <input_file_ref idref="fl-4"/>
      </object_component>
      <object_component id="oc-656">
         <name>.debug_info</name>
         <load_address>0x13ef</load_address>
         <run_address>0x13ef</run_address>
         <size>0xe5</size>
         <input_file_ref idref="fl-4"/>
      </object_component>
      <object_component id="oc-51b">
         <name>.debug_info</name>
         <load_address>0x14d4</load_address>
         <run_address>0x14d4</run_address>
         <size>0xe3</size>
         <input_file_ref idref="fl-4"/>
      </object_component>
      <object_component id="oc-515">
         <name>.debug_info</name>
         <load_address>0x15b7</load_address>
         <run_address>0x15b7</run_address>
         <size>0x150</size>
         <input_file_ref idref="fl-4"/>
      </object_component>
      <object_component id="oc-4fe">
         <name>.debug_info</name>
         <load_address>0x1707</load_address>
         <run_address>0x1707</run_address>
         <size>0x25d</size>
         <input_file_ref idref="fl-4"/>
      </object_component>
      <object_component id="oc-46e">
         <name>.debug_info</name>
         <load_address>0x1964</load_address>
         <run_address>0x1964</run_address>
         <size>0x21f</size>
         <input_file_ref idref="fl-4"/>
      </object_component>
      <object_component id="oc-45b">
         <name>.debug_info</name>
         <load_address>0x1b83</load_address>
         <run_address>0x1b83</run_address>
         <size>0xe5</size>
         <input_file_ref idref="fl-4"/>
      </object_component>
      <object_component id="oc-487">
         <name>.debug_info</name>
         <load_address>0x1c68</load_address>
         <run_address>0x1c68</run_address>
         <size>0xfba</size>
         <input_file_ref idref="fl-5"/>
      </object_component>
      <object_component id="oc-496">
         <name>.debug_info</name>
         <load_address>0x2c22</load_address>
         <run_address>0x2c22</run_address>
         <size>0x33d</size>
         <input_file_ref idref="fl-5"/>
      </object_component>
      <object_component id="oc-478">
         <name>.debug_info</name>
         <load_address>0x2f5f</load_address>
         <run_address>0x2f5f</run_address>
         <size>0xba</size>
         <input_file_ref idref="fl-5"/>
      </object_component>
      <object_component id="oc-569">
         <name>.debug_info</name>
         <load_address>0x3019</load_address>
         <run_address>0x3019</run_address>
         <size>0x149</size>
         <input_file_ref idref="fl-5"/>
      </object_component>
      <object_component id="oc-56f">
         <name>.debug_info</name>
         <load_address>0x3162</load_address>
         <run_address>0x3162</run_address>
         <size>0x164</size>
         <input_file_ref idref="fl-5"/>
      </object_component>
      <object_component id="oc-575">
         <name>.debug_info</name>
         <load_address>0x32c6</load_address>
         <run_address>0x32c6</run_address>
         <size>0x164</size>
         <input_file_ref idref="fl-5"/>
      </object_component>
      <object_component id="oc-57b">
         <name>.debug_info</name>
         <load_address>0x342a</load_address>
         <run_address>0x342a</run_address>
         <size>0x164</size>
         <input_file_ref idref="fl-5"/>
      </object_component>
      <object_component id="oc-581">
         <name>.debug_info</name>
         <load_address>0x358e</load_address>
         <run_address>0x358e</run_address>
         <size>0x164</size>
         <input_file_ref idref="fl-5"/>
      </object_component>
      <object_component id="oc-587">
         <name>.debug_info</name>
         <load_address>0x36f2</load_address>
         <run_address>0x36f2</run_address>
         <size>0x164</size>
         <input_file_ref idref="fl-5"/>
      </object_component>
      <object_component id="oc-58d">
         <name>.debug_info</name>
         <load_address>0x3856</load_address>
         <run_address>0x3856</run_address>
         <size>0x164</size>
         <input_file_ref idref="fl-5"/>
      </object_component>
      <object_component id="oc-593">
         <name>.debug_info</name>
         <load_address>0x39ba</load_address>
         <run_address>0x39ba</run_address>
         <size>0x171</size>
         <input_file_ref idref="fl-5"/>
      </object_component>
      <object_component id="oc-599">
         <name>.debug_info</name>
         <load_address>0x3b2b</load_address>
         <run_address>0x3b2b</run_address>
         <size>0x202</size>
         <input_file_ref idref="fl-5"/>
      </object_component>
      <object_component id="oc-59f">
         <name>.debug_info</name>
         <load_address>0x3d2d</load_address>
         <run_address>0x3d2d</run_address>
         <size>0x17d</size>
         <input_file_ref idref="fl-5"/>
      </object_component>
      <object_component id="oc-5a5">
         <name>.debug_info</name>
         <load_address>0x3eaa</load_address>
         <run_address>0x3eaa</run_address>
         <size>0x261</size>
         <input_file_ref idref="fl-5"/>
      </object_component>
      <object_component id="oc-5ab">
         <name>.debug_info</name>
         <load_address>0x410b</load_address>
         <run_address>0x410b</run_address>
         <size>0x14b</size>
         <input_file_ref idref="fl-5"/>
      </object_component>
      <object_component id="oc-5b1">
         <name>.debug_info</name>
         <load_address>0x4256</load_address>
         <run_address>0x4256</run_address>
         <size>0x166</size>
         <input_file_ref idref="fl-5"/>
      </object_component>
      <object_component id="oc-5b7">
         <name>.debug_info</name>
         <load_address>0x43bc</load_address>
         <run_address>0x43bc</run_address>
         <size>0x166</size>
         <input_file_ref idref="fl-5"/>
      </object_component>
      <object_component id="oc-5bd">
         <name>.debug_info</name>
         <load_address>0x4522</load_address>
         <run_address>0x4522</run_address>
         <size>0x166</size>
         <input_file_ref idref="fl-5"/>
      </object_component>
      <object_component id="oc-5c3">
         <name>.debug_info</name>
         <load_address>0x4688</load_address>
         <run_address>0x4688</run_address>
         <size>0x20e</size>
         <input_file_ref idref="fl-5"/>
      </object_component>
      <object_component id="oc-5c9">
         <name>.debug_info</name>
         <load_address>0x4896</load_address>
         <run_address>0x4896</run_address>
         <size>0x14b</size>
         <input_file_ref idref="fl-5"/>
      </object_component>
      <object_component id="oc-5cf">
         <name>.debug_info</name>
         <load_address>0x49e1</load_address>
         <run_address>0x49e1</run_address>
         <size>0x18c</size>
         <input_file_ref idref="fl-5"/>
      </object_component>
      <object_component id="oc-5d5">
         <name>.debug_info</name>
         <load_address>0x4b6d</load_address>
         <run_address>0x4b6d</run_address>
         <size>0x179</size>
         <input_file_ref idref="fl-5"/>
      </object_component>
      <object_component id="oc-5db">
         <name>.debug_info</name>
         <load_address>0x4ce6</load_address>
         <run_address>0x4ce6</run_address>
         <size>0x179</size>
         <input_file_ref idref="fl-5"/>
      </object_component>
      <object_component id="oc-5e1">
         <name>.debug_info</name>
         <load_address>0x4e5f</load_address>
         <run_address>0x4e5f</run_address>
         <size>0x166</size>
         <input_file_ref idref="fl-5"/>
      </object_component>
      <object_component id="oc-5e7">
         <name>.debug_info</name>
         <load_address>0x4fc5</load_address>
         <run_address>0x4fc5</run_address>
         <size>0x18c</size>
         <input_file_ref idref="fl-5"/>
      </object_component>
      <object_component id="oc-5ec">
         <name>.debug_info</name>
         <load_address>0x5151</load_address>
         <run_address>0x5151</run_address>
         <size>0x270</size>
         <input_file_ref idref="fl-5"/>
      </object_component>
      <object_component id="oc-48a">
         <name>.debug_info</name>
         <load_address>0x53c1</load_address>
         <run_address>0x53c1</run_address>
         <size>0x24a</size>
         <input_file_ref idref="fl-5"/>
      </object_component>
      <object_component id="oc-43b">
         <name>.debug_info</name>
         <load_address>0x560b</load_address>
         <run_address>0x560b</run_address>
         <size>0xf7</size>
         <input_file_ref idref="fl-5"/>
      </object_component>
      <object_component id="oc-441">
         <name>.debug_info</name>
[...]
      </symbol>
      <symbol id="sm-630">
         <name>H53</name>
         <value>0x24c0</value>
      </symbol>
      <symbol id="sm-631">
         <name>PDR</name>
         <value>0x2564</value>
      </symbol>
      <symbol id="sm-632">
         <name>PDS</name>
         <value>0x2568</value>
      </symbol>
      <symbol id="sm-633">
         <name>PDP</name>
         <value>0x2560</value>
      </symbol>
      <symbol id="sm-634">
         <name>PD1</name>
         <value>0x2554</value>
      </symbol>
      <symbol id="sm-635">
         <name>PD2</name>
         <value>0x2558</value>
      </symbol>
      <symbol id="sm-636">
         <name>PD3</name>
         <value>0x255c</value>
      </symbol>
      <symbol id="sm-637">
         <name>PDflag</name>
         <value>0x256c</value>
      </symbol>
      <symbol id="sm-638">
         <name>mode_xuanze</name>
         <value>0x125ee</value>
         <object_component_ref idref="oc-489"/>
      </symbol>
      <symbol id="sm-639">
         <name>Buffer</name>
         <value>0x25fc</value>
         <object_component_ref idref="oc-477"/>
      </symbol>
      <symbol id="sm-63a">
         <name>flagk1</name>
         <value>0x25f0</value>
         <object_component_ref idref="oc-495"/>
      </symbol>
      <symbol id="sm-63b">
         <name>flagk0</name>
         <value>0x25ee</value>
         <object_component_ref idref="oc-495"/>
      </symbol>
      <symbol id="sm-63c">
         <name>flagk3</name>
         <value>0x25f4</value>
         <object_component_ref idref="oc-495"/>
      </symbol>
      <symbol id="sm-63d">
         <name>flagk2</name>
         <value>0x25f2</value>
         <object_component_ref idref="oc-495"/>
      </symbol>
      <symbol id="sm-63e">
         <name>flagk5</name>
         <value>0x25f8</value>
         <object_component_ref idref="oc-495"/>
      </symbol>
      <symbol id="sm-63f">
         <name>flagk4</name>
         <value>0x25f6</value>
         <object_component_ref idref="oc-495"/>
      </symbol>
      <symbol id="sm-640">
         <name>CC3</name>
         <value>0x25d0</value>
         <object_component_ref idref="oc-495"/>
      </symbol>
      <symbol id="sm-641">
         <name>CC2</name>
         <value>0x25ce</value>
         <object_component_ref idref="oc-495"/>
      </symbol>
      <symbol id="sm-642">
         <name>CC0</name>
         <value>0x25c8</value>
         <object_component_ref idref="oc-495"/>
      </symbol>
      <symbol id="sm-643">
         <name>Mode_11</name>
         <value>0x105fa</value>
         <object_component_ref idref="oc-5a3"/>
      </symbol>
      <symbol id="sm-644">
         <name>Mode_10</name>
         <value>0x110ae</value>
         <object_component_ref idref="oc-59d"/>
      </symbol>
      <symbol id="sm-645">
         <name>DD13</name>
         <value>0x25d8</value>
         <object_component_ref idref="oc-495"/>
      </symbol>
      <symbol id="sm-646">
         <name>Mode_13</name>
         <value>0x11a3e</value>
         <object_component_ref idref="oc-5af"/>
      </symbol>
      <symbol id="sm-647">
         <name>DD12</name>
         <value>0x25d6</value>
         <object_component_ref idref="oc-495"/>
      </symbol>
      <symbol id="sm-648">
         <name>Mode_12</name>
         <value>0x1192e</value>
         <object_component_ref idref="oc-5a9"/>
      </symbol>
      <symbol id="sm-649">
         <name>DD11</name>
         <value>0x25d4</value>
         <object_component_ref idref="oc-495"/>
      </symbol>
      <symbol id="sm-64a">
         <name>Mode_15</name>
         <value>0x11c5e</value>
         <object_component_ref idref="oc-5bb"/>
      </symbol>
      <symbol id="sm-64b">
         <name>Mode_14</name>
         <value>0x11b4e</value>
         <object_component_ref idref="oc-5b5"/>
      </symbol>
      <symbol id="sm-64c">
         <name>Mode_17</name>
         <value>0x11d6e</value>
         <object_component_ref idref="oc-5c7"/>
      </symbol>
      <symbol id="sm-64d">
         <name>Mode_16</name>
         <value>0x10856</value>
         <object_component_ref idref="oc-5c1"/>
      </symbol>
      <symbol id="sm-64e">
         <name>Mode_19</name>
         <value>0x1147a</value>
         <object_component_ref idref="oc-5d3"/>
      </symbol>
      <symbol id="sm-64f">
         <name>Mode_18</name>
         <value>0x10e0a</value>
         <object_component_ref idref="oc-5cd"/>
      </symbol>
      <symbol id="sm-650">
         <name>__TI_int46</name>
         <value>0xffdc</value>
         <object_component_ref idref="oc-7e"/>
      </symbol>
      <symbol id="sm-651">
         <name>Mode_21</name>
         <value>0x11e7e</value>
         <object_component_ref idref="oc-5df"/>
      </symbol>
      <symbol id="sm-652">
         <name>Mode_20</name>
         <value>0x115ae</value>
         <object_component_ref idref="oc-5d9"/>
      </symbol>
      <symbol id="sm-653">
         <name>Mode_23</name>
         <value>0x10000</value>
         <object_component_ref idref="oc-5eb"/>
      </symbol>
      <symbol id="sm-654">
         <name>Mode_22</name>
         <value>0x10f5c</value>
         <object_component_ref idref="oc-5e5"/>
      </symbol>
      <symbol id="sm-655">
         <name>k</name>
         <value>0x25fa</value>
         <object_component_ref idref="oc-495"/>
      </symbol>
      <symbol id="sm-656">
         <name>flagP</name>
         <value>0x25e2</value>
         <object_component_ref idref="oc-495"/>
      </symbol>
      <symbol id="sm-657">
         <name>flagS</name>
         <value>0x25e0</value>
         <object_component_ref idref="oc-495"/>
      </symbol>
      <symbol id="sm-658">
         <name>flagR</name>
         <value>0x25de</value>
         <object_component_ref idref="oc-495"/>
      </symbol>
      <symbol id="sm-659">
         <name>flag1</name>
         <value>0x25e4</value>
         <object_component_ref idref="oc-495"/>
      </symbol>
      <symbol id="sm-65a">
         <name>flag3</name>
         <value>0x25e8</value>
         <object_component_ref idref="oc-495"/>
      </symbol>
      <symbol id="sm-65b">
         <name>flag2</name>
         <value>0x25e6</value>
         <object_component_ref idref="oc-495"/>
      </symbol>
      <symbol id="sm-65c">
         <name>flag5</name>
         <value>0x25ec</value>
         <object_component_ref idref="oc-495"/>
      </symbol>
      <symbol id="sm-65d">
         <name>flag4</name>
         <value>0x25ea</value>
         <object_component_ref idref="oc-495"/>
      </symbol>
      <symbol id="sm-65e">
         <name>USCI_A1_ISR</name>
         <value>0x4400</value>
         <object_component_ref idref="oc-39e"/>
      </symbol>
      <symbol id="sm-65f">
         <name>main</name>
         <value>0x10336</value>
         <object_component_ref idref="oc-40d"/>
      </symbol>
      <symbol id="sm-660">
         <name>Is_sw_pressed1</name>
         <value>0x12b36</value>
         <object_component_ref idref="oc-48f"/>
      </symbol>
      <symbol id="sm-661">
         <name>Is_sw_pressed2</name>
         <value>0x12ba4</value>
         <object_component_ref idref="oc-480"/>
      </symbol>
      <symbol id="sm-662">
         <name>Clock_Init</name>
         <value>0x12c12</value>
         <object_component_ref idref="oc-43a"/>
      </symbol>
      <symbol id="sm-663">
         <name>CC13</name>
         <value>0x25cc</value>
         <object_component_ref idref="oc-495"/>
      </symbol>
      <symbol id="sm-664">
         <name>CC12</name>
         <value>0x25ca</value>
         <object_component_ref idref="oc-495"/>
      </symbol>
      <symbol id="sm-665">
         <name>IO_Init</name>
         <value>0x13246</value>
         <object_component_ref idref="oc-440"/>
      </symbol>
      <symbol id="sm-666">
         <name>Mode_1</name>
         <value>0x1133a</value>
         <object_component_ref idref="oc-567"/>
      </symbol>
      <symbol id="sm-667">
         <name>Mode_3</name>
         <value>0x1209e</value>
         <object_component_ref idref="oc-573"/>
      </symbol>
      <symbol id="sm-668">
         <name>Mode_2</name>
         <value>0x11f8e</value>
         <object_component_ref idref="oc-56d"/>
      </symbol>
      <symbol id="sm-669">
         <name>Mode_5</name>
         <value>0x122be</value>
         <object_component_ref idref="oc-57f"/>
      </symbol>
      <symbol id="sm-66a">
         <name>Mode_4</name>
         <value>0x121ae</value>
         <object_component_ref idref="oc-579"/>
      </symbol>
      <symbol id="sm-66b">
         <name>Mode_7</name>
         <value>0x124de</value>
         <object_component_ref idref="oc-58b"/>
      </symbol>
      <symbol id="sm-66c">
         <name>Mode_6</name>
         <value>0x123ce</value>
         <object_component_ref idref="oc-585"/>
      </symbol>
      <symbol id="sm-66d">
         <name>Mode_9</name>
         <value>0x10c68</value>
         <object_component_ref idref="oc-597"/>
      </symbol>
      <symbol id="sm-66e">
         <name>Mode_8</name>
         <value>0x111f6</value>
         <object_component_ref idref="oc-591"/>
      </symbol>
      <symbol id="sm-66f">
         <name>DD3</name>
         <value>0x25dc</value>
         <object_component_ref idref="oc-495"/>
      </symbol>
      <symbol id="sm-670">
         <name>DD2</name>
         <value>0x25da</value>
         <object_component_ref idref="oc-495"/>
      </symbol>
      <symbol id="sm-671">
         <name>DD0</name>
         <value>0x25d2</value>
         <object_component_ref idref="oc-495"/>
      </symbol>
      <symbol id="sm-6ef">
         <name>write1byte</name>
         <value>0x12f8e</value>
         <object_component_ref idref="oc-630"/>
      </symbol>
      <symbol id="sm-6f0">
         <name>OLED_ShowNum</name>
         <value>0x12926</value>
         <object_component_ref idref="oc-471"/>
      </symbol>
      <symbol id="sm-6f1">
         <name>OLED_WR_Byte</name>
         <value>0x12f10</value>
         <object_component_ref idref="oc-4e1"/>
      </symbol>
      <symbol id="sm-6f2">
         <name>IIC_Start_oled</name>
         <value>0x13190</value>
         <object_component_ref idref="oc-62a"/>
      </symbol>
      <symbol id="sm-6f3">
         <name>OLED_Init</name>
         <value>0x126de</value>
         <object_component_ref idref="oc-44c"/>
      </symbol>
      <symbol id="sm-6f4">
         <name>F8X16</name>
         <value>0x4490</value>
         <object_component_ref idref="oc-647"/>
      </symbol>
      <symbol id="sm-6f5">
         <name>OLED_ShowString</name>
         <value>0x12f54</value>
         <object_component_ref idref="oc-45f"/>
      </symbol>
      <symbol id="sm-6f6">
         <name>OLED_ShowChar</name>
         <value>0x1287a</value>
         <object_component_ref idref="oc-4f0"/>
      </symbol>
      <symbol id="sm-6f7">
         <name>OLED_Clear</name>
         <value>0x12ecc</value>
         <object_component_ref idref="oc-452"/>
      </symbol>
      <symbol id="sm-6f8">
         <name>IIC_Stop_oled</name>
         <value>0x131aa</value>
         <object_component_ref idref="oc-636"/>
      </symbol>
      <symbol id="sm-6f9">
         <name>oled_pow</name>
         <value>0x13154</value>
         <object_component_ref idref="oc-527"/>
      </symbol>
      <symbol id="sm-6fa">
         <name>F6x8</name>
         <value>0x4a80</value>
         <object_component_ref idref="oc-644"/>
      </symbol>
      <symbol id="sm-6fb">
         <name>OLED_Display_On</name>
         <value>0x13174</value>
         <object_component_ref idref="oc-4e7"/>
      </symbol>
      <symbol id="sm-6fc">
         <name>OLED_Set_Pos</name>
         <value>0x130e4</value>
         <object_component_ref idref="oc-63e"/>
      </symbol>
      <symbol id="sm-716">
         <name>USART_RX_BUF</name>
         <value>0x2400</value>
      </symbol>
      <symbol id="sm-717">
         <name>UART_RS232_Init</name>
         <value>0x130ba</value>
         <object_component_ref idref="oc-446"/>
      </symbol>
      <symbol id="sm-718">
         <name>USART_RX_STA</name>
         <value>0x260e</value>
         <object_component_ref idref="oc-3f2"/>
      </symbol>
      <symbol id="sm-719">
         <name>data</name>
         <value>0x260c</value>
         <object_component_ref idref="oc-3f2"/>
      </symbol>
      <symbol id="sm-71a">
         <name>Send_Byte</name>
         <value>0x13226</value>
         <object_component_ref idref="oc-3f5"/>
      </symbol>
      <symbol id="sm-72d">
         <name>__mspabi_remul</name>
         <value>0x12d40</value>
         <object_component_ref idref="oc-52d"/>
      </symbol>
      <symbol id="sm-72e">
         <name>__mspabi_divul</name>
         <value>0x12d40</value>
         <object_component_ref idref="oc-52d"/>
      </symbol>
      <symbol id="sm-749">
         <name>__mspabi_subf</name>
         <value>0x116e2</value>
         <object_component_ref idref="oc-544"/>
      </symbol>
      <symbol id="sm-74a">
         <name>__mspabi_addf</name>
         <value>0x116e8</value>
         <object_component_ref idref="oc-544"/>
      </symbol>
      <symbol id="sm-75c">
         <name>__mspabi_divf</name>
         <value>0x129bc</value>
         <object_component_ref idref="oc-549"/>
      </symbol>
      <symbol id="sm-773">
         <name>__mspabi_mpyf</name>
         <value>0x127c2</value>
         <object_component_ref idref="oc-53f"/>
      </symbol>
      <symbol id="sm-782">
         <name>__mspabi_fixful</name>
         <value>0x12e38</value>
         <object_component_ref idref="oc-54e"/>
      </symbol>
      <symbol id="sm-78e">
         <name>__mspabi_fltulf</name>
         <value>0x12ffe</value>
         <object_component_ref idref="oc-53a"/>
      </symbol>
      <symbol id="sm-791">
         <name>__TI_int41</name>
         <value>0xffd2</value>
         <object_component_ref idref="oc-79"/>
      </symbol>
      <symbol id="sm-794">
         <name>__TI_int42</name>
         <value>0xffd4</value>
         <object_component_ref idref="oc-7a"/>
      </symbol>
      <symbol id="sm-797">
         <name>__TI_int43</name>
         <value>0xffd6</value>
         <object_component_ref idref="oc-7b"/>
      </symbol>
      <symbol id="sm-79a">
         <name>__TI_int44</name>
         <value>0xffd8</value>
         <object_component_ref idref="oc-7c"/>
      </symbol>
      <symbol id="sm-79d">
         <name>__TI_int45</name>
         <value>0xffda</value>
         <object_component_ref idref="oc-7d"/>
      </symbol>
      <symbol id="sm-7a0">
         <name>__TI_int47</name>
         <value>0xffde</value>
         <object_component_ref idref="oc-7f"/>
      </symbol>
      <symbol id="sm-7a3">
         <name>__TI_int48</name>
         <value>0xffe0</value>
         <object_component_ref idref="oc-80"/>
      </symbol>
      <symbol id="sm-7a6">
         <name>__TI_int49</name>
         <value>0xffe2</value>
         <object_component_ref idref="oc-81"/>
      </symbol>
      <symbol id="sm-7a9">
         <name>__TI_int50</name>
         <value>0xffe4</value>
         <object_component_ref idref="oc-82"/>
      </symbol>
      <symbol id="sm-7ac">
         <name>__TI_int51</name>
         <value>0xffe6</value>
         <object_component_ref idref="oc-83"/>
      </symbol>
      <symbol id="sm-7af">
         <name>__TI_int52</name>
         <value>0xffe8</value>
         <object_component_ref idref="oc-84"/>
      </symbol>
      <symbol id="sm-7b2">
         <name>__TI_int53</name>
         <value>0xffea</value>
         <object_component_ref idref="oc-85"/>
      </symbol>
      <symbol id="sm-7b5">
         <name>__TI_int54</name>
         <value>0xffec</value>
         <object_component_ref idref="oc-86"/>
      </symbol>
      <symbol id="sm-7b8">
         <name>__TI_int55</name>
         <value>0xffee</value>
         <object_component_ref idref="oc-87"/>
      </symbol>
      <symbol id="sm-7bb">
         <name>__TI_int56</name>
         <value>0xfff0</value>
         <object_component_ref idref="oc-88"/>
      </symbol>
      <symbol id="sm-7be">
         <name>__TI_int57</name>
         <value>0xfff2</value>
         <object_component_ref idref="oc-89"/>
      </symbol>
      <symbol id="sm-7c1">
         <name>__TI_int58</name>
         <value>0xfff4</value>
         <object_component_ref idref="oc-8a"/>
      </symbol>
      <symbol id="sm-7c4">
         <name>__TI_int59</name>
         <value>0xfff6</value>
         <object_component_ref idref="oc-8b"/>
      </symbol>
      <symbol id="sm-7c7">
         <name>__TI_int60</name>
         <value>0xfff8</value>
         <object_component_ref idref="oc-8c"/>
      </symbol>
      <symbol id="sm-7ca">
         <name>__TI_int61</name>
         <value>0xfffa</value>
         <object_component_ref idref="oc-8d"/>
      </symbol>
      <symbol id="sm-7cd">
         <name>__TI_int62</name>
         <value>0xfffc</value>
         <object_component_ref idref="oc-8e"/>
      </symbol>
      <symbol id="sm-7d5">
         <name>__TI_ISR_TRAP</name>
         <value>0x4488</value>
         <object_component_ref idref="oc-399"/>
      </symbol>
      <symbol id="sm-7de">
         <name>__mspabi_slli</name>
         <value>0x1323c</value>
         <object_component_ref idref="oc-555"/>
      </symbol>
      <symbol id="sm-7e9">
         <name>__mspabi_mpyi_f5hw</name>
         <value>0x131c4</value>
         <object_component_ref idref="oc-532"/>
      </symbol>
      <symbol id="sm-7f3">
         <name>__mspabi_mpyl_f5hw</name>
         <value>0x13130</value>
         <object_component_ref idref="oc-65e"/>
      </symbol>
      <symbol id="sm-805">
         <name>_stack</name>
         <value>0x4360</value>
         <object_component_ref idref="oc-37d"/>
      </symbol>
      <symbol id="sm-806">
         <name>_c_int00_noargs</name>
         <value>0x446c</value>
         <object_component_ref idref="oc-3b6"/>
      </symbol>
      <symbol id="sm-807">
         <name>_reset_vector</name>
         <value>0xfffe</value>
         <object_component_ref idref="oc-380"/>
      </symbol>
      <symbol id="sm-82a">
         <name>__TI_auto_init_nobinit_nopinit_hold_wdt</name>
         <value>0x12d98</value>
         <object_component_ref idref="oc-4c3"/>
      </symbol>
      <symbol id="sm-83d">
         <name>__TI_zero_init_nomemset</name>
         <value>0x1310c</value>
         <object_component_ref idref="oc-3a4"/>
      </symbol>
      <symbol id="sm-84e">
         <name>_system_pre_init</name>
         <value>0x13254</value>
         <object_component_ref idref="oc-407"/>
      </symbol>
      <symbol id="sm-857">
         <name>_system_post_cinit</name>
         <value>0x13258</value>
         <object_component_ref idref="oc-609"/>
      </symbol>
      <symbol id="sm-868">
         <name>__TI_decompress_none</name>
         <value>0x13206</value>
         <object_component_ref idref="oc-73"/>
      </symbol>
      <symbol id="sm-88b">
         <name>__TI_decompress_lzss</name>
         <value>0x12a4c</value>
         <object_component_ref idref="oc-6d"/>
      </symbol>
      <symbol id="sm-8a1">
         <name>C$$EXIT</name>
         <value>0x1324e</value>
         <object_component_ref idref="oc-49f"/>
      </symbol>
      <symbol id="sm-8a2">
         <name>abort</name>
         <value>0x1324e</value>
         <object_component_ref idref="oc-49f"/>
      </symbol>
      <symbol id="sm-8b2">
         <name>memcpy</name>
         <value>0x131f2</value>
         <object_component_ref idref="oc-38c"/>
      </symbol>
      <symbol id="sm-8c0">
         <name>memset</name>
         <value>0x131dc</value>
         <object_component_ref idref="oc-498"/>
      </symbol>
      <symbol id="sm-8cb">
         <name>abs</name>
         <value>0x13232</value>
         <object_component_ref idref="oc-67d"/>
      </symbol>
   </symbol_table>
   <title>Link successful</title>
</link_info>
