<html>
<body>
<pre>
<h1>µVision Build Log</h1>
<h2>Tool Versions:</h2>
IDE-Version: ¦ÌVision V5.14.0.0
Copyright (C) 2015 ARM Ltd and ARM Germany GmbH. All rights reserved.
License Information: wanfan Windows, HP Inc., LIC=IC9QD-8HRAP-XACDC-7IJD8-DYAS9-YAVGX
 
Tool Versions:
Toolchain:       MDK-ARM Professional  Version: 5.14.0.0
Toolchain Path:  F:\keil_v5\ARM\ARMCC\Bin
C Compiler:      Armcc.exe V5.05 update 1 (build 106)
Assembler:       Armasm.exe V5.05 update 1 (build 106)
Linker/Locator:  ArmLink.exe V5.05 update 1 (build 106)
Library Manager: ArmAr.exe V5.05 update 1 (build 106)
Hex Converter:   FromElf.exe V5.05 update 1 (build 106)
CPU DLL:         SARMCM3.DLL V5.14.0.0
Dialog DLL:      DCM.DLL V1.13.1.0
Target DLL:      UL2CM3.DLL V1.155.0.0
Dialog DLL:      TCM.DLL V1.14.4.0
 
<h2>Project:</h2>
C:\Users\HP\Desktop\STM32template\STM32\user\wf.uvprojx
Project File Date:  10/08/2018

<h2>Output:</h2>
Rebuild target 'template'
compiling main.c...
..\headware\key\key.h(1): warning:  #1-D: last line of file ends without a newline
   
..\headware\oled\oled.h(31): warning:  #1-D: last line of file ends without a newline
  #endif  
..\headware\MPU6050\mpu6050.h(372): warning:  #1-D: last line of file ends without a newline
  #endif
..\headware\show\show.h(11): warning:  #1-D: last line of file ends without a newline
  #endif
..\headware\TIM_INT\TIM_INT.h(11): warning:  #1-D: last line of file ends without a newline
  #endif
..\headware\DMP\inv_mpu.h(120): warning:  #1-D: last line of file ends without a newline
  #endif  /* #ifndef _INV_MPU_H_ */
..\headware\DMP\inv_mpu_dmp_motion_driver.h(90): warning:  #1-D: last line of file ends without a newline
  #endif  /* #ifndef _INV_MPU_DMP_MOTION_DRIVER_H_ */
..\headware\DMP\dmpKey.h(494): warning:  #1-D: last line of file ends without a newline
  #endif // DMPKEY_H__
..\headware\DMP\dmpmap.h(264): warning:  #1-D: last line of file ends without a newline
  #endif // DMPMAP_H
main.c(29): warning:  #1-D: last line of file ends without a newline
   
main.c: 10 warnings, 0 errors
compiling stm32f10x_it.c...
compiling system_stm32f10x.c...
compiling core_cm3.c...
assembling startup_stm32f10x_hd.s...
compiling misc.c...
compiling stm32f10x_adc.c...
compiling stm32f10x_bkp.c...
compiling stm32f10x_can.c...
compiling stm32f10x_cec.c...
compiling stm32f10x_crc.c...
compiling stm32f10x_dac.c...
compiling stm32f10x_dbgmcu.c...
compiling stm32f10x_dma.c...
compiling stm32f10x_exti.c...
compiling stm32f10x_flash.c...
compiling stm32f10x_fsmc.c...
compiling stm32f10x_gpio.c...
compiling stm32f10x_i2c.c...
compiling stm32f10x_iwdg.c...
compiling stm32f10x_pwr.c...
compiling stm32f10x_rcc.c...
compiling stm32f10x_rtc.c...
compiling stm32f10x_sdio.c...
compiling stm32f10x_spi.c...
compiling stm32f10x_tim.c...
compiling stm32f10x_usart.c...
compiling stm32f10x_wwdg.c...
compiling delay.c...
..\headware\key\key.h(1): warning:  #1-D: last line of file ends without a newline
   
..\headware\oled\oled.h(31): warning:  #1-D: last line of file ends without a newline
  #endif  
..\headware\MPU6050\mpu6050.h(372): warning:  #1-D: last line of file ends without a newline
  #endif
..\headware\show\show.h(11): warning:  #1-D: last line of file ends without a newline
  #endif
..\headware\TIM_INT\TIM_INT.h(11): warning:  #1-D: last line of file ends without a newline
  #endif
..\headware\DMP\inv_mpu.h(120): warning:  #1-D: last line of file ends without a newline
  #endif  /* #ifndef _INV_MPU_H_ */
..\headware\DMP\inv_mpu_dmp_motion_driver.h(90): warning:  #1-D: last line of file ends without a newline
  #endif  /* #ifndef _INV_MPU_DMP_MOTION_DRIVER_H_ */
..\headware\DMP\dmpKey.h(494): warning:  #1-D: last line of file ends without a newline
  #endif // DMPKEY_H__
..\headware\DMP\dmpmap.h(264): warning:  #1-D: last line of file ends without a newline
  #endif // DMPMAP_H
..\SYSTEM\delay\delay.c: 9 warnings, 0 errors
compiling sys.c...
..\headware\key\key.h(1): warning:  #1-D: last line of file ends without a newline
   
..\headware\oled\oled.h(31): warning:  #1-D: last line of file ends without a newline
  #endif  
..\headware\MPU6050\mpu6050.h(372): warning:  #1-D: last line of file ends without a newline
  #endif
..\headware\show\show.h(11): warning:  #1-D: last line of file ends without a newline
  #endif
..\headware\TIM_INT\TIM_INT.h(11): warning:  #1-D: last line of file ends without a newline
  #endif
..\headware\DMP\inv_mpu.h(120): warning:  #1-D: last line of file ends without a newline
  #endif  /* #ifndef _INV_MPU_H_ */
..\headware\DMP\inv_mpu_dmp_motion_driver.h(90): warning:  #1-D: last line of file ends without a newline
  #endif  /* #ifndef _INV_MPU_DMP_MOTION_DRIVER_H_ */
..\headware\DMP\dmpKey.h(494): warning:  #1-D: last line of file ends without a newline
  #endif // DMPKEY_H__
..\headware\DMP\dmpmap.h(264): warning:  #1-D: last line of file ends without a newline
  #endif // DMPMAP_H
..\SYSTEM\sys\sys.c(167): warning:  #1-D: last line of file ends without a newline
  }
..\SYSTEM\sys\sys.c: 10 warnings, 0 errors
compiling usart.c...
..\headware\key\key.h(1): warning:  #1-D: last line of file ends without a newline
   
..\headware\oled\oled.h(31): warning:  #1-D: last line of file ends without a newline
  #endif  
..\headware\MPU6050\mpu6050.h(372): warning:  #1-D: last line of file ends without a newline
  #endif
..\headware\show\show.h(11): warning:  #1-D: last line of file ends without a newline
  #endif
..\headware\TIM_INT\TIM_INT.h(11): warning:  #1-D: last line of file ends without a newline
  #endif
..\headware\DMP\inv_mpu.h(120): warning:  #1-D: last line of file ends without a newline
  #endif  /* #ifndef _INV_MPU_H_ */
..\headware\DMP\inv_mpu_dmp_motion_driver.h(90): warning:  #1-D: last line of file ends without a newline
  #endif  /* #ifndef _INV_MPU_DMP_MOTION_DRIVER_H_ */
..\headware\DMP\dmpKey.h(494): warning:  #1-D: last line of file ends without a newline
  #endif // DMPKEY_H__
..\headware\DMP\dmpmap.h(264): warning:  #1-D: last line of file ends without a newline
  #endif // DMPMAP_H
..\SYSTEM\usart\usart.c(58): warning:  #1-D: last line of file ends without a newline
  }
..\SYSTEM\usart\usart.c: 10 warnings, 0 errors
compiling beep.c...
..\headware\key\key.h(1): warning:  #1-D: last line of file ends without a newline
   
..\headware\oled\oled.h(31): warning:  #1-D: last line of file ends without a newline
  #endif  
..\headware\MPU6050\mpu6050.h(372): warning:  #1-D: last line of file ends without a newline
  #endif
..\headware\show\show.h(11): warning:  #1-D: last line of file ends without a newline
  #endif
..\headware\TIM_INT\TIM_INT.h(11): warning:  #1-D: last line of file ends without a newline
  #endif
..\headware\DMP\inv_mpu.h(120): warning:  #1-D: last line of file ends without a newline
  #endif  /* #ifndef _INV_MPU_H_ */
..\headware\DMP\inv_mpu_dmp_motion_driver.h(90): warning:  #1-D: last line of file ends without a newline
  #endif  /* #ifndef _INV_MPU_DMP_MOTION_DRIVER_H_ */
..\headware\DMP\dmpKey.h(494): warning:  #1-D: last line of file ends without a newline
  #endif // DMPKEY_H__
..\headware\DMP\dmpmap.h(264): warning:  #1-D: last line of file ends without a newline
  #endif // DMPMAP_H
..\headware\beep\beep.c: 9 warnings, 0 errors
compiling led.c...
..\headware\led\led.c(20): warning:  #1-D: last line of file ends without a newline
        
..\headware\led\led.c: 1 warning, 0 errors
compiling key.c...
compiling motor.c...
..\headware\key\key.h(1): warning:  #1-D: last line of file ends without a newline
   
..\headware\oled\oled.h(31): warning:  #1-D: last line of file ends without a newline
  #endif  
..\headware\MPU6050\mpu6050.h(372): warning:  #1-D: last line of file ends without a newline
  #endif
..\headware\show\show.h(11): warning:  #1-D: last line of file ends without a newline
  #endif
..\headware\TIM_INT\TIM_INT.h(11): warning:  #1-D: last line of file ends without a newline
  #endif
..\headware\DMP\inv_mpu.h(120): warning:  #1-D: last line of file ends without a newline
  #endif  /* #ifndef _INV_MPU_H_ */
..\headware\DMP\inv_mpu_dmp_motion_driver.h(90): warning:  #1-D: last line of file ends without a newline
  #endif  /* #ifndef _INV_MPU_DMP_MOTION_DRIVER_H_ */
..\headware\DMP\dmpKey.h(494): warning:  #1-D: last line of file ends without a newline
  #endif // DMPKEY_H__
..\headware\DMP\dmpmap.h(264): warning:  #1-D: last line of file ends without a newline
  #endif // DMPMAP_H
..\headware\motor\motor.h(17): warning:  #1-D: last line of file ends without a newline
  #endif
..\headware\motor\motor.c(66): warning:  #1-D: last line of file ends without a newline
  }
..\headware\motor\motor.c: 11 warnings, 0 errors
compiling TIM_INT.c...
..\headware\key\key.h(1): warning:  #1-D: last line of file ends without a newline
   
..\headware\oled\oled.h(31): warning:  #1-D: last line of file ends without a newline
  #endif  
..\headware\MPU6050\mpu6050.h(372): warning:  #1-D: last line of file ends without a newline
  #endif
..\headware\show\show.h(11): warning:  #1-D: last line of file ends without a newline
  #endif
..\headware\TIM_INT\TIM_INT.h(11): warning:  #1-D: last line of file ends without a newline
  #endif
..\headware\DMP\inv_mpu.h(120): warning:  #1-D: last line of file ends without a newline
  #endif  /* #ifndef _INV_MPU_H_ */
..\headware\DMP\inv_mpu_dmp_motion_driver.h(90): warning:  #1-D: last line of file ends without a newline
  #endif  /* #ifndef _INV_MPU_DMP_MOTION_DRIVER_H_ */
..\headware\DMP\dmpKey.h(494): warning:  #1-D: last line of file ends without a newline
  #endif // DMPKEY_H__
..\headware\DMP\dmpmap.h(264): warning:  #1-D: last line of file ends without a newline
  #endif // DMPMAP_H
..\headware\TIM_INT\TIM_INT.h(11): warning:  #1-D: last line of file ends without a newline
  #endif
..\headware\TIM_INT\TIM_INT.c(44): warning:  #1-D: last line of file ends without a newline
  }
..\headware\TIM_INT\TIM_INT.c: 11 warnings, 0 errors
compiling control.c...
..\headware\key\key.h(1): warning:  #1-D: last line of file ends without a newline
   
..\headware\oled\oled.h(31): warning:  #1-D: last line of file ends without a newline
  #endif  
..\headware\MPU6050\mpu6050.h(372): warning:  #1-D: last line of file ends without a newline
  #endif
..\headware\show\show.h(11): warning:  #1-D: last line of file ends without a newline
  #endif
..\headware\TIM_INT\TIM_INT.h(11): warning:  #1-D: last line of file ends without a newline
  #endif
..\headware\DMP\inv_mpu.h(120): warning:  #1-D: last line of file ends without a newline
  #endif  /* #ifndef _INV_MPU_H_ */
..\headware\DMP\inv_mpu_dmp_motion_driver.h(90): warning:  #1-D: last line of file ends without a newline
  #endif  /* #ifndef _INV_MPU_DMP_MOTION_DRIVER_H_ */
..\headware\DMP\dmpKey.h(494): warning:  #1-D: last line of file ends without a newline
  #endif // DMPKEY_H__
..\headware\DMP\dmpmap.h(264): warning:  #1-D: last line of file ends without a newline
  #endif // DMPMAP_H
..\headware\motor\motor.h(17): warning:  #1-D: last line of file ends without a newline
  #endif
..\headware\control\control.c: 10 warnings, 0 errors
compiling oled.c...
..\headware\key\key.h(1): warning:  #1-D: last line of file ends without a newline
   
..\headware\oled\oled.h(31): warning:  #1-D: last line of file ends without a newline
  #endif  
..\headware\MPU6050\mpu6050.h(372): warning:  #1-D: last line of file ends without a newline
  #endif
..\headware\show\show.h(11): warning:  #1-D: last line of file ends without a newline
  #endif
..\headware\TIM_INT\TIM_INT.h(11): warning:  #1-D: last line of file ends without a newline
  #endif
..\headware\DMP\inv_mpu.h(120): warning:  #1-D: last line of file ends without a newline
  #endif  /* #ifndef _INV_MPU_H_ */
..\headware\DMP\inv_mpu_dmp_motion_driver.h(90): warning:  #1-D: last line of file ends without a newline
  #endif  /* #ifndef _INV_MPU_DMP_MOTION_DRIVER_H_ */
..\headware\DMP\dmpKey.h(494): warning:  #1-D: last line of file ends without a newline
  #endif // DMPKEY_H__
..\headware\DMP\dmpmap.h(264): warning:  #1-D: last line of file ends without a newline
  #endif // DMPMAP_H
..\headware\oled\oled.h(31): warning:  #1-D: last line of file ends without a newline
  #endif  
..\headware\oled\oledfont.h(202): warning:  #1-D: last line of file ends without a newline
  #endif
..\headware\oled\oled.c(212): warning:  #1-D: last line of file ends without a newline
  }  
..\headware\oled\oled.c: 12 warnings, 0 errors
compiling IOI2C.c...
..\headware\key\key.h(1): warning:  #1-D: last line of file ends without a newline
   
..\headware\oled\oled.h(31): warning:  #1-D: last line of file ends without a newline
  #endif  
..\headware\MPU6050\mpu6050.h(372): warning:  #1-D: last line of file ends without a newline
  #endif
..\headware\show\show.h(11): warning:  #1-D: last line of file ends without a newline
  #endif
..\headware\TIM_INT\TIM_INT.h(11): warning:  #1-D: last line of file ends without a newline
  #endif
..\headware\DMP\inv_mpu.h(120): warning:  #1-D: last line of file ends without a newline
  #endif  /* #ifndef _INV_MPU_H_ */
..\headware\DMP\inv_mpu_dmp_motion_driver.h(90): warning:  #1-D: last line of file ends without a newline
  #endif  /* #ifndef _INV_MPU_DMP_MOTION_DRIVER_H_ */
..\headware\DMP\dmpKey.h(494): warning:  #1-D: last line of file ends without a newline
  #endif // DMPKEY_H__
..\headware\DMP\dmpmap.h(264): warning:  #1-D: last line of file ends without a newline
  #endif // DMPMAP_H
..\headware\IIC\IOI2C.c: 9 warnings, 0 errors
compiling inv_mpu.c...
..\headware\key\key.h(1): warning:  #1-D: last line of file ends without a newline
   
..\headware\oled\oled.h(31): warning:  #1-D: last line of file ends without a newline
  #endif  
..\headware\MPU6050\mpu6050.h(372): warning:  #1-D: last line of file ends without a newline
  #endif
..\headware\show\show.h(11): warning:  #1-D: last line of file ends without a newline
  #endif
..\headware\TIM_INT\TIM_INT.h(11): warning:  #1-D: last line of file ends without a newline
  #endif
..\headware\DMP\inv_mpu.h(120): warning:  #1-D: last line of file ends without a newline
  #endif  /* #ifndef _INV_MPU_H_ */
..\headware\DMP\inv_mpu_dmp_motion_driver.h(90): warning:  #1-D: last line of file ends without a newline
  #endif  /* #ifndef _INV_MPU_DMP_MOTION_DRIVER_H_ */
..\headware\DMP\dmpKey.h(494): warning:  #1-D: last line of file ends without a newline
  #endif // DMPKEY_H__
..\headware\DMP\dmpmap.h(264): warning:  #1-D: last line of file ends without a newline
  #endif // DMPMAP_H
..\headware\DMP\inv_mpu.c(2856): warning:  #1-D: last line of file ends without a newline
   */
..\headware\DMP\inv_mpu.c: 10 warnings, 0 errors
compiling inv_mpu_dmp_motion_driver.c...
..\headware\key\key.h(1): warning:  #1-D: last line of file ends without a newline
   
..\headware\oled\oled.h(31): warning:  #1-D: last line of file ends without a newline
  #endif  
..\headware\MPU6050\mpu6050.h(372): warning:  #1-D: last line of file ends without a newline
  #endif
..\headware\show\show.h(11): warning:  #1-D: last line of file ends without a newline
  #endif
..\headware\TIM_INT\TIM_INT.h(11): warning:  #1-D: last line of file ends without a newline
  #endif
..\headware\DMP\inv_mpu.h(120): warning:  #1-D: last line of file ends without a newline
  #endif  /* #ifndef _INV_MPU_H_ */
..\headware\DMP\inv_mpu_dmp_motion_driver.h(90): warning:  #1-D: last line of file ends without a newline
  #endif  /* #ifndef _INV_MPU_DMP_MOTION_DRIVER_H_ */
..\headware\DMP\dmpKey.h(494): warning:  #1-D: last line of file ends without a newline
  #endif // DMPKEY_H__
..\headware\DMP\dmpmap.h(264): warning:  #1-D: last line of file ends without a newline
  #endif // DMPMAP_H
..\headware\DMP\inv_mpu_dmp_motion_driver.c(1359): warning:  #1-D: last line of file ends without a newline
   */
..\headware\DMP\inv_mpu_dmp_motion_driver.c: 10 warnings, 0 errors
compiling MPU6050.c...
..\headware\key\key.h(1): warning:  #1-D: last line of file ends without a newline
   
..\headware\oled\oled.h(31): warning:  #1-D: last line of file ends without a newline
  #endif  
..\headware\MPU6050\mpu6050.h(372): warning:  #1-D: last line of file ends without a newline
  #endif
..\headware\show\show.h(11): warning:  #1-D: last line of file ends without a newline
  #endif
..\headware\TIM_INT\TIM_INT.h(11): warning:  #1-D: last line of file ends without a newline
  #endif
..\headware\DMP\inv_mpu.h(120): warning:  #1-D: last line of file ends without a newline
  #endif  /* #ifndef _INV_MPU_H_ */
..\headware\DMP\inv_mpu_dmp_motion_driver.h(90): warning:  #1-D: last line of file ends without a newline
  #endif  /* #ifndef _INV_MPU_DMP_MOTION_DRIVER_H_ */
..\headware\DMP\dmpKey.h(494): warning:  #1-D: last line of file ends without a newline
  #endif // DMPKEY_H__
..\headware\DMP\dmpmap.h(264): warning:  #1-D: last line of file ends without a newline
  #endif // DMPMAP_H
..\headware\MPU6050\MPU6050.h(372): warning:  #1-D: last line of file ends without a newline
  #endif
..\headware\MPU6050\MPU6050.c(327): warning:  #1-D: last line of file ends without a newline
  //------------------End of File----------------------------
..\headware\MPU6050\MPU6050.c: 11 warnings, 0 errors
compiling DataScope_DP.c...
compiling show.c...
..\headware\key\key.h(1): warning:  #1-D: last line of file ends without a newline
   
..\headware\oled\oled.h(31): warning:  #1-D: last line of file ends without a newline
  #endif  
..\headware\MPU6050\mpu6050.h(372): warning:  #1-D: last line of file ends without a newline
  #endif
..\headware\show\show.h(11): warning:  #1-D: last line of file ends without a newline
  #endif
..\headware\TIM_INT\TIM_INT.h(11): warning:  #1-D: last line of file ends without a newline
  #endif
..\headware\DMP\inv_mpu.h(120): warning:  #1-D: last line of file ends without a newline
  #endif  /* #ifndef _INV_MPU_H_ */
..\headware\DMP\inv_mpu_dmp_motion_driver.h(90): warning:  #1-D: last line of file ends without a newline
  #endif  /* #ifndef _INV_MPU_DMP_MOTION_DRIVER_H_ */
..\headware\DMP\dmpKey.h(494): warning:  #1-D: last line of file ends without a newline
  #endif // DMPKEY_H__
..\headware\DMP\dmpmap.h(264): warning:  #1-D: last line of file ends without a newline
  #endif // DMPMAP_H
..\headware\show\show.h(11): warning:  #1-D: last line of file ends without a newline
  #endif
..\headware\show\show.c(96): warning:  #1-D: last line of file ends without a newline
  }
..\headware\show\show.c: 11 warnings, 0 errors
linking...
Program Size: Code=15912 RO-data=3560 RW-data=104 ZI-data=2672  
FromELF: creating hex file...
"..\obj\wf.axf" - 0 Error(s), 144 Warning(s).

<h2>Collection of Component include folders:</h2>
  C:\Users\HP\Desktop\STM32template\STM32\user\RTE
  F:\keil_v5\ARM\PACK\Keil\STM32F1xx_DFP\1.0.5\Device\Include

<h2>Collection of Component Files used:</h2>
</pre>
</body>
</html>
